Archive member included to satisfy reference by file (symbol)

c:/nxp/s32ds.3.5/s32ds/build_tools/gcc_v9.2/gcc-9.2-arm32-eabi/bin/../lib/gcc/arm-none-eabi/9.2.0/thumb/v7e-m+fp/hard\libgcc.a(_arm_muldf3.o)
                              ./RTD/src/Eth_Ipw.o (__aeabi_dmul)
c:/nxp/s32ds.3.5/s32ds/build_tools/gcc_v9.2/gcc-9.2-arm32-eabi/bin/../lib/gcc/arm-none-eabi/9.2.0/thumb/v7e-m+fp/hard\libgcc.a(_arm_addsubdf3.o)
                              ./RTD/src/Eth_Ipw.o (__aeabi_ui2d)
c:/nxp/s32ds.3.5/s32ds/build_tools/gcc_v9.2/gcc-9.2-arm32-eabi/bin/../lib/gcc/arm-none-eabi/9.2.0/thumb/v7e-m+fp/hard\libgcc.a(_arm_muldivdf3.o)
                              ./RTD/src/Eth_Ipw.o (__aeabi_ddiv)
c:/nxp/s32ds.3.5/s32ds/build_tools/gcc_v9.2/gcc-9.2-arm32-eabi/bin/../lib/gcc/arm-none-eabi/9.2.0/thumb/v7e-m+fp/hard\libgcc.a(_arm_fixunsdfsi.o)
                              ./RTD/src/Gmac_Ip.o (__aeabi_d2uiz)
c:/nxp/s32ds.3.5/s32ds/build_tools/gcc_v9.2/gcc-9.2-arm32-eabi/bin/../lib/gcc/arm-none-eabi/9.2.0/thumb/v7e-m+fp/hard\libgcc.a(_aeabi_uldivmod.o)
                              ./RTD/src/OsIf_Timer_System.o (__aeabi_uldivmod)
c:/nxp/s32ds.3.5/s32ds/build_tools/gcc_v9.2/gcc-9.2-arm32-eabi/bin/../lib/gcc/arm-none-eabi/9.2.0/thumb/v7e-m+fp/hard\libgcc.a(_udivmoddi4.o)
                              c:/nxp/s32ds.3.5/s32ds/build_tools/gcc_v9.2/gcc-9.2-arm32-eabi/bin/../lib/gcc/arm-none-eabi/9.2.0/thumb/v7e-m+fp/hard\libgcc.a(_aeabi_uldivmod.o) (__udivmoddi4)
c:/nxp/s32ds.3.5/s32ds/build_tools/gcc_v9.2/gcc-9.2-arm32-eabi/bin/../lib/gcc/arm-none-eabi/9.2.0/thumb/v7e-m+fp/hard\libgcc.a(_dvmd_tls.o)
                              c:/nxp/s32ds.3.5/s32ds/build_tools/gcc_v9.2/gcc-9.2-arm32-eabi/bin/../lib/gcc/arm-none-eabi/9.2.0/thumb/v7e-m+fp/hard\libgcc.a(_aeabi_uldivmod.o) (__aeabi_ldiv0)

Discarded input sections

 .group         0x00000000        0xc ./Project_Settings/Startup_Code/exceptions.o
 .group         0x00000000        0xc ./Project_Settings/Startup_Code/exceptions.o
 .group         0x00000000        0xc ./Project_Settings/Startup_Code/exceptions.o
 .group         0x00000000        0xc ./Project_Settings/Startup_Code/exceptions.o
 .group         0x00000000        0xc ./Project_Settings/Startup_Code/exceptions.o
 .group         0x00000000        0xc ./Project_Settings/Startup_Code/exceptions.o
 .group         0x00000000        0xc ./Project_Settings/Startup_Code/exceptions.o
 .group         0x00000000        0xc ./Project_Settings/Startup_Code/exceptions.o
 .group         0x00000000        0xc ./Project_Settings/Startup_Code/exceptions.o
 .group         0x00000000        0xc ./Project_Settings/Startup_Code/exceptions.o
 .group         0x00000000        0xc ./Project_Settings/Startup_Code/exceptions.o
 .group         0x00000000        0xc ./Project_Settings/Startup_Code/exceptions.o
 .group         0x00000000        0xc ./Project_Settings/Startup_Code/exceptions.o
 .group         0x00000000        0xc ./Project_Settings/Startup_Code/exceptions.o
 .group         0x00000000        0xc ./Project_Settings/Startup_Code/exceptions.o
 .group         0x00000000        0xc ./Project_Settings/Startup_Code/exceptions.o
 .group         0x00000000        0xc ./Project_Settings/Startup_Code/exceptions.o
 .group         0x00000000        0xc ./Project_Settings/Startup_Code/exceptions.o
 .group         0x00000000        0xc ./Project_Settings/Startup_Code/exceptions.o
 .group         0x00000000        0xc ./Project_Settings/Startup_Code/exceptions.o
 .group         0x00000000        0xc ./Project_Settings/Startup_Code/exceptions.o
 .group         0x00000000        0xc ./Project_Settings/Startup_Code/exceptions.o
 .group         0x00000000        0xc ./Project_Settings/Startup_Code/exceptions.o
 .group         0x00000000        0xc ./Project_Settings/Startup_Code/exceptions.o
 .group         0x00000000        0xc ./Project_Settings/Startup_Code/exceptions.o
 .group         0x00000000        0xc ./Project_Settings/Startup_Code/exceptions.o
 .group         0x00000000        0xc ./Project_Settings/Startup_Code/nvic.o
 .group         0x00000000        0xc ./Project_Settings/Startup_Code/nvic.o
 .group         0x00000000        0xc ./Project_Settings/Startup_Code/nvic.o
 .group         0x00000000        0xc ./Project_Settings/Startup_Code/nvic.o
 .group         0x00000000        0xc ./Project_Settings/Startup_Code/nvic.o
 .group         0x00000000        0xc ./Project_Settings/Startup_Code/nvic.o
 .group         0x00000000        0xc ./Project_Settings/Startup_Code/nvic.o
 .group         0x00000000        0xc ./Project_Settings/Startup_Code/nvic.o
 .group         0x00000000        0xc ./Project_Settings/Startup_Code/nvic.o
 .group         0x00000000        0xc ./Project_Settings/Startup_Code/nvic.o
 .group         0x00000000        0xc ./Project_Settings/Startup_Code/nvic.o
 .group         0x00000000        0xc ./Project_Settings/Startup_Code/nvic.o
 .group         0x00000000        0xc ./Project_Settings/Startup_Code/nvic.o
[...]
Memory Configuration

Name             Origin             Length             Attributes
int_itcm         0x00000000         0x00000000
int_dtcm         0x20000000         0x0000e000
int_dtcm_stack   0x2000e000         0x00002000
int_sram_shareable 0x22c00000         0x00004000
int_sram         0x34000000         0x00500000
int_sram_no_cacheable 0x34500000         0x00100000
ram_rsvd2        0x34600000         0x00000000
LLCE_CAN_SHAREDMEMORY 0x43800000         0x0003c800
LLCE_LIN_SHAREDMEMORY 0x4383c800         0x000000a0
LLCE_BOOT_END    0x4383c8a0         0x00000050
LLCE_MEAS_SHAREDMEMORY 0x4384ffdf         0x00000020
*default*        0x00000000         0xffffffff

Linker script and memory map

LOAD ./Project_Settings/Startup_Code/Vector_Table.o
LOAD ./Project_Settings/Startup_Code/exceptions.o
LOAD ./Project_Settings/Startup_Code/nvic.o
LOAD ./Project_Settings/Startup_Code/startup.o
LOAD ./Project_Settings/Startup_Code/startup_cm7.o
LOAD ./Project_Settings/Startup_Code/system.o
LOAD ./RTD/src/Clock_Ip.o
LOAD ./RTD/src/Clock_Ip_Data.o
LOAD ./RTD/src/Clock_Ip_Data1.o
LOAD ./RTD/src/Clock_Ip_Data2.o
LOAD ./RTD/src/Clock_Ip_Divider.o
LOAD ./RTD/src/Clock_Ip_DividerTrigger.o
LOAD ./RTD/src/Clock_Ip_ExtOsc.o
LOAD ./RTD/src/Clock_Ip_FracDiv.o
LOAD ./RTD/src/Clock_Ip_Frequency.o
LOAD ./RTD/src/Clock_Ip_Frequency1.o
LOAD ./RTD/src/Clock_Ip_Frequency2.o
LOAD ./RTD/src/Clock_Ip_Gate.o
LOAD ./RTD/src/Clock_Ip_IntOsc.o
LOAD ./RTD/src/Clock_Ip_Irq.o
LOAD ./RTD/src/Clock_Ip_Monitor.o
LOAD ./RTD/src/Clock_Ip_Pll.o
LOAD ./RTD/src/Clock_Ip_ProgFreqSwitch.o
LOAD ./RTD/src/Clock_Ip_Selector.o
LOAD ./RTD/src/Clock_Ip_Specific.o
LOAD ./RTD/src/Clock_Ip_Specific1.o
LOAD ./RTD/src/Clock_Ip_Specific2.o
LOAD ./RTD/src/Det.o
LOAD ./RTD/src/Det_stub.o
LOAD ./RTD/src/Dio.o
LOAD ./RTD/src/Dio_Ipw.o
LOAD ./RTD/src/Eth.o
LOAD ./RTD/src/EthIf_Cbk.o
LOAD ./RTD/src/EthSwt.o
LOAD ./RTD/src/EthTrcv.o
LOAD ./RTD/src/Eth_Ipw.o
LOAD ./RTD/src/Eth_Irq.o
LOAD ./RTD/src/FlexCAN_Ip.o
LOAD ./RTD/src/FlexCAN_Ip_HwAccess.o
LOAD ./RTD/src/FlexCAN_Ip_Irq.o
LOAD ./RTD/src/Ftm_Gpt_Ip.o
LOAD ./RTD/src/Gmac_Ip.o
LOAD ./RTD/src/Gmac_Ip_Hw_Access.o
LOAD ./RTD/src/Gmac_Ip_Irq.o
LOAD ./RTD/src/Gpt.o
LOAD ./RTD/src/Gpt_Ipw.o
LOAD ./RTD/src/IntCtrl_Ip.o
LOAD ./RTD/src/Mcu.o
LOAD ./RTD/src/Mcu_Dem_Wrapper.o
LOAD ./RTD/src/Mcu_Ipw.o
LOAD ./RTD/src/OsIf_Interrupts.o
LOAD ./RTD/src/OsIf_Timer.o
LOAD ./RTD/src/OsIf_Timer_System.o
LOAD ./RTD/src/OsIf_Timer_System_Internal_GenericTimer.o
LOAD ./RTD/src/OsIf_Timer_System_Internal_Systick.o
LOAD ./RTD/src/Pit_Ip.o
LOAD ./RTD/src/Platform.o
LOAD ./RTD/src/Platform_Ipw.o
LOAD ./RTD/src/Port.o
LOAD ./RTD/src/Port_Ipw.o
LOAD ./RTD/src/Power_Ip.o
LOAD ./RTD/src/Power_Ip_CortexA.o
LOAD ./RTD/src/Power_Ip_CortexM7.o
LOAD ./RTD/src/Power_Ip_MC_ME.o
LOAD ./RTD/src/Power_Ip_MC_RGM.o
LOAD ./RTD/src/Power_Ip_MC_RGM_Irq.o
LOAD ./RTD/src/Power_Ip_MSCM.o
LOAD ./RTD/src/Power_Ip_PMC.o
LOAD ./RTD/src/Power_Ip_Private.o
LOAD ./RTD/src/Ram_Ip.o
LOAD ./RTD/src/Rtc_Ip.o
LOAD ./RTD/src/SchM_Can.o
LOAD ./RTD/src/SchM_Dio.o
LOAD ./RTD/src/SchM_Eth.o
LOAD ./RTD/src/SchM_Gpt.o
LOAD ./RTD/src/SchM_Mcu.o
LOAD ./RTD/src/SchM_Port.o
LOAD ./RTD/src/Siul2_Dio_Ip.o
LOAD ./RTD/src/Siul2_Port_Ip.o
LOAD ./RTD/src/Stm_Ip.o
LOAD ./RTD/src/System_Ip.o
LOAD ./board/Siul2_Port_Ip_Cfg.o
LOAD ./board/dcd_config.o
LOAD ./board/ivt_config.o
LOAD ./board/quadspi_config.o
LOAD ./generate/src/Clock_Ip_Cfg.o
LOAD ./generate/src/Clock_Ip_PBcfg.o
LOAD ./generate/src/Dio_Cfg.o
LOAD ./generate/src/Eth_Ipw_PBcfg.o
LOAD ./generate/src/Eth_PBcfg.o
LOAD ./generate/src/FlexCAN_Ip_Sa_PBcfg.o
LOAD ./generate/src/Ftm_Gpt_Ip_PBcfg.o
LOAD ./generate/src/Gmac_Ip_Cfg.o
LOAD ./generate/src/Gmac_Ip_PBcfg.o
LOAD ./generate/src/Gpt_Cfg.o
LOAD ./generate/src/Gpt_Ipw_PBcfg.o
LOAD ./generate/src/Gpt_PBcfg.o
LOAD ./generate/src/IntCtrl_Ip_Cfg.o
LOAD ./generate/src/Mcu_Cfg.o
LOAD ./generate/src/Mcu_PBcfg.o
LOAD ./generate/src/OsIf_Cfg.o
LOAD ./generate/src/Pit_Ip_PBcfg.o
LOAD ./generate/src/Platform_Cfg.o
LOAD ./generate/src/Platform_Ipw_Cfg.o
LOAD ./generate/src/Port_Cfg.o
LOAD ./generate/src/Port_PBcfg.o
LOAD ./generate/src/Power_Ip_Cfg.o
LOAD ./generate/src/Power_Ip_PBcfg.o
LOAD ./generate/src/Ram_Ip_Cfg.o
LOAD ./generate/src/Ram_Ip_PBcfg.o
LOAD ./generate/src/Rtc_Ip_PBcfg.o
LOAD ./generate/src/Siul2_Port_Ip_PBcfg.o
LOAD ./generate/src/Stm_Ip_PBcfg.o
LOAD ./src/Process_Queue.o
LOAD ./src/main.o
LOAD C:/NXP/S32DS.3.5/S32DS/build_tools/gcc_v9.2/gcc-9.2-arm32-eabi/arm-none-eabi/newlib/lib/thumb/v7e-m+fp/hard\libc_nano.a
LOAD C:/NXP/S32DS.3.5/S32DS/build_tools/gcc_v9.2/gcc-9.2-arm32-eabi/arm-none-eabi/newlib/lib/thumb/v7e-m+fp/hard\libm.a
LOAD c:/nxp/s32ds.3.5/s32ds/build_tools/gcc_v9.2/gcc-9.2-arm32-eabi/bin/../lib/gcc/arm-none-eabi/9.2.0/thumb/v7e-m+fp/hard\libgcc.a
START GROUP
LOAD c:/nxp/s32ds.3.5/s32ds/build_tools/gcc_v9.2/gcc-9.2-arm32-eabi/bin/../lib/gcc/arm-none-eabi/9.2.0/thumb/v7e-m+fp/hard\libgcc.a
LOAD C:/NXP/S32DS.3.5/S32DS/build_tools/gcc_v9.2/gcc-9.2-arm32-eabi/arm-none-eabi/newlib/lib/thumb/v7e-m+fp/hard\libg_nano.a
LOAD C:/NXP/S32DS.3.5/S32DS/build_tools/gcc_v9.2/gcc-9.2-arm32-eabi/arm-none-eabi/newlib/lib/thumb/v7e-m+fp/hard\libc_nano.a
END GROUP
START GROUP
LOAD c:/nxp/s32ds.3.5/s32ds/build_tools/gcc_v9.2/gcc-9.2-arm32-eabi/bin/../lib/gcc/arm-none-eabi/9.2.0/thumb/v7e-m+fp/hard\libgcc.a
LOAD C:/NXP/S32DS.3.5/S32DS/build_tools/gcc_v9.2/gcc-9.2-arm32-eabi/arm-none-eabi/newlib/lib/thumb/v7e-m+fp/hard\libc_nano.a
LOAD C:/NXP/S32DS.3.5/S32DS/build_tools/gcc_v9.2/gcc-9.2-arm32-eabi/arm-none-eabi/newlib/lib/thumb/v7e-m+fp/hard\libnosys.a
END GROUP
START GROUP
LOAD c:/nxp/s32ds.3.5/s32ds/build_tools/gcc_v9.2/gcc-9.2-arm32-eabi/bin/../lib/gcc/arm-none-eabi/9.2.0/thumb/v7e-m+fp/hard\libgcc.a
LOAD C:/NXP/S32DS.3.5/S32DS/build_tools/gcc_v9.2/gcc-9.2-arm32-eabi/arm-none-eabi/newlib/lib/thumb/v7e-m+fp/hard\libc_nano.a
LOAD C:/NXP/S32DS.3.5/S32DS/build_tools/gcc_v9.2/gcc-9.2-arm32-eabi/arm-none-eabi/newlib/lib/thumb/v7e-m+fp/hard\libnosys.a
END GROUP
                0x00003000                HEAP_SIZE = DEFINED (__heap_size__)?__heap_size__:0x3000

.sram           0x34000000    0x1d07c
                0x34000000                . = ALIGN (0x4)
 *(.core_loop)
 .core_loop     0x34000000        0xc ./Project_Settings/Startup_Code/startup_cm7.o
                0x34000000                _core_loop
                0x3400000c                . = ALIGN (0x4)
 *(.startup)
 *fill*         0x3400000c        0x4 
 .startup       0x34000010      0x1b4 ./Project_Settings/Startup_Code/startup_cm7.o
                0x34000010                Reset_Handler
                0x34000010                _start
                0x34000154                MCAL_LTB_TRACE_OFF
                0x34000156                _end_of_eunit_test
                0x340001c4                . = ALIGN (0x4)
 *(.text.startup)
 .text.startup  0x340001c4       0x46 ./src/main.o
                0x340001c4                main
                0x3400020c                . = ALIGN (0x4)
 *fill*         0x3400020a        0x2 
 *(.text)
 .text          0x3400020c        0x0 ./Project_Settings/Startup_Code/Vector_Table.o
 .text          0x3400020c        0x0 ./Project_Settings/Startup_Code/exceptions.o
 .text          0x3400020c        0x0 ./Project_Settings/Startup_Code/nvic.o
 .text          0x3400020c        0x0 ./Project_Settings/Startup_Code/startup.o
 .text          0x3400020c        0x0 ./Project_Settings/Startup_Code/startup_cm7.o
 .text          0x3400020c        0xc ./Project_Settings/Startup_Code/system.o
                0x3400020c                Sys_GetCoreID
 .text          0x34000218        0x0 ./RTD/src/Clock_Ip.o
 .text          0x34000218        0x0 ./RTD/src/Clock_Ip_Data.o
 .text          0x34000218        0x0 ./RTD/src/Clock_Ip_Data1.o
 .text          0x34000218        0x0 ./RTD/src/Clock_Ip_Data2.o
 .text          0x34000218        0x0 ./RTD/src/Clock_Ip_Divider.o
 .text          0x34000218        0x0 ./RTD/src/Clock_Ip_DividerTrigger.o
 .text          0x34000218        0x0 ./RTD/src/Clock_Ip_ExtOsc.o
 .text          0x34000218        0x0 ./RTD/src/Clock_Ip_FracDiv.o
 .text          0x34000218        0x0 ./RTD/src/Clock_Ip_Frequency.o
 .text          0x34000218        0x0 ./RTD/src/Clock_Ip_Frequency1.o
 .text          0x34000218        0x0 ./RTD/src/Clock_Ip_Frequency2.o
 .text          0x34000218        0x0 ./RTD/src/Clock_Ip_Gate.o
 .text          0x34000218        0x0 ./RTD/src/Clock_Ip_IntOsc.o
 .text          0x34000218        0x0 ./RTD/src/Clock_Ip_Irq.o
 .text          0x34000218        0x0 ./RTD/src/Clock_Ip_Monitor.o
 .text          0x34000218        0x0 ./RTD/src/Clock_Ip_Pll.o
 .text          0x34000218        0x0 ./RTD/src/Clock_Ip_ProgFreqSwitch.o
 .text          0x34000218        0x0 ./RTD/src/Clock_Ip_Selector.o
 .text          0x34000218        0x0 ./RTD/src/Clock_Ip_Specific.o
 .text          0x34000218        0x0 ./RTD/src/Clock_Ip_Specific1.o
 .text          0x34000218        0x0 ./RTD/src/Clock_Ip_Specific2.o
 .text          0x34000218        0x0 ./RTD/src/Det.o
 .text          0x34000218        0x0 ./RTD/src/Det_stub.o
 .text          0x34000218        0x0 ./RTD/src/Dio.o
 .text          0x34000218        0x0 ./RTD/src/Dio_Ipw.o
 .text          0x34000218        0x0 ./RTD/src/Eth.o
 .text          0x34000218       0x4c ./RTD/src/EthIf_Cbk.o
                0x34000218                EthIf_RxIndication
                0x34000234                EthIf_TxConfirmation
                0x34000248                EthIf_CtrlModeIndication
                0x34000258                EthIf_SwitchIngressTimeStampIndication
                0x3400025a                EthIf_SwitchEgressTimeStampIndication
                0x3400025c                EthIf_SwitchMgmtInfoIndication
                0x3400025e                EthIf_TrcvModeIndication
                0x34000260                EthIf_SwitchPortModeIndication
 .text          0x34000264       0x1a ./RTD/src/EthSwt.o
                0x34000264                EthSwt_EthRxProcessFrame
                0x3400026c                EthSwt_EthRxFinishedIndication
                0x34000270                EthSwt_EthTxPrepareFrame
                0x34000274                EthSwt_EthTxAdaptBufferLength
                0x34000276                EthSwt_EthTxProcessFrame
                0x3400027a                EthSwt_EthTxFinishedIndication
 .text          0x3400027e        0x4 ./RTD/src/EthTrcv.o
                0x3400027e                EthTrcv_ReadMiiIndication
                0x34000280                EthTrcv_WriteMiiIndication
 .text          0x34000282        0x0 ./RTD/src/Eth_Ipw.o
 .text          0x34000282        0x0 ./RTD/src/Eth_Irq.o
 .text          0x34000282       0x14 ./RTD/src/FlexCAN_Ip.o
 .text          0x34000296       0x14 ./RTD/src/FlexCAN_Ip_HwAccess.o
 .text          0x340002aa        0x0 ./RTD/src/FlexCAN_Ip_Irq.o
 .text          0x340002aa        0x0 ./RTD/src/Ftm_Gpt_Ip.o
 .text          0x340002aa        0x0 ./RTD/src/Gmac_Ip.o
 .text          0x340002aa        0x0 ./RTD/src/Gmac_Ip_Hw_Access.o
 .text          0x340002aa        0x0 ./RTD/src/Gmac_Ip_Irq.o
 .text          0x340002aa        0x0 ./RTD/src/Gpt.o
 .text          0x340002aa        0x0 ./RTD/src/Gpt_Ipw.o
 .text          0x340002aa        0x0 ./RTD/src/IntCtrl_Ip.o
 .text          0x340002aa        0x0 ./RTD/src/Mcu.o
 .text          0x340002aa        0x0 ./RTD/src/Mcu_Dem_Wrapper.o
 .text          0x340002aa        0x0 ./RTD/src/Mcu_Ipw.o
 .text          0x340002aa        0x0 ./RTD/src/OsIf_Interrupts.o
 .text          0x340002aa        0x0 ./RTD/src/OsIf_Timer.o
 .text          0x340002aa        0x0 ./RTD/src/OsIf_Timer_System.o
 .text          0x340002aa        0x0 ./RTD/src/OsIf_Timer_System_Internal_GenericTimer.o
 .text          0x340002aa        0x0 ./RTD/src/OsIf_Timer_System_Internal_Systick.o
 .text          0x340002aa        0x0 ./RTD/src/Pit_Ip.o
 .text          0x340002aa        0x0 ./RTD/src/Platform.o
 .text          0x340002aa        0x0 ./RTD/src/Platform_Ipw.o
 .text          0x340002aa        0x0 ./RTD/src/Port.o
 .text          0x340002aa        0x0 ./RTD/src/Port_Ipw.o
 .text          0x340002aa        0x0 ./RTD/src/Power_Ip.o
 .text          0x340002aa        0x0 ./RTD/src/Power_Ip_CortexA.o
 .text          0x340002aa        0x0 ./RTD/src/Power_Ip_CortexM7.o
 .text          0x340002aa        0x0 ./RTD/src/Power_Ip_MC_ME.o
 .text          0x340002aa        0x0 ./RTD/src/Power_Ip_MC_RGM.o
 .text          0x340002aa        0x0 ./RTD/src/Power_Ip_MC_RGM_Irq.o
 .text          0x340002aa        0x0 ./RTD/src/Power_Ip_MSCM.o
 .text          0x340002aa        0x0 ./RTD/src/Power_Ip_PMC.o
 .text          0x340002aa        0x0 ./RTD/src/Power_Ip_Private.o
 .text          0x340002aa        0x0 ./RTD/src/Ram_Ip.o
 .text          0x340002aa        0x0 ./RTD/src/Rtc_Ip.o
 .text          0x340002aa        0x6 ./RTD/src/SchM_Can.o
                0x340002aa                Can_schm_read_msr
 .text          0x340002b0        0x6 ./RTD/src/SchM_Dio.o
                0x340002b0                Dio_schm_read_msr
 .text          0x340002b6        0x6 ./RTD/src/SchM_Eth.o
                0x340002b6                Eth_schm_read_msr
 .text          0x340002bc        0x6 ./RTD/src/SchM_Gpt.o
                0x340002bc                Gpt_schm_read_msr
 .text          0x340002c2        0x6 ./RTD/src/SchM_Mcu.o
                0x340002c2                Mcu_schm_read_msr
 .text          0x340002c8        0x6 ./RTD/src/SchM_Port.o
                0x340002c8                Port_schm_read_msr
 .text          0x340002ce        0x0 ./RTD/src/Siul2_Dio_Ip.o
 .text          0x340002ce        0x0 ./RTD/src/Siul2_Port_Ip.o
 .text          0x340002ce        0x0 ./RTD/src/Stm_Ip.o
 .text          0x340002ce        0x0 ./RTD/src/System_Ip.o
 .text          0x340002ce        0x0 ./board/Siul2_Port_Ip_Cfg.o
 .text          0x340002ce        0x0 ./board/dcd_config.o
 .text          0x340002ce        0x0 ./board/ivt_config.o
 .text          0x340002ce        0x0 ./board/quadspi_config.o
 .text          0x340002ce        0x0 ./generate/src/Clock_Ip_Cfg.o
 .text          0x340002ce        0x0 ./generate/src/Clock_Ip_PBcfg.o
 .text          0x340002ce        0x0 ./generate/src/Dio_Cfg.o
 .text          0x340002ce        0x0 ./generate/src/Eth_Ipw_PBcfg.o
 .text          0x340002ce        0x0 ./generate/src/Eth_PBcfg.o
 .text          0x340002ce        0x0 ./generate/src/FlexCAN_Ip_Sa_PBcfg.o
 .text          0x340002ce        0x0 ./generate/src/Ftm_Gpt_Ip_PBcfg.o
 .text          0x340002ce        0x0 ./generate/src/Gmac_Ip_Cfg.o
 .text          0x340002ce        0x0 ./generate/src/Gmac_Ip_PBcfg.o
 .text          0x340002ce        0x0 ./generate/src/Gpt_Cfg.o
 .text          0x340002ce        0x0 ./generate/src/Gpt_Ipw_PBcfg.o
 .text          0x340002ce        0x0 ./generate/src/Gpt_PBcfg.o
 .text          0x340002ce        0x0 ./generate/src/IntCtrl_Ip_Cfg.o
 .text          0x340002ce        0x0 ./generate/src/Mcu_Cfg.o
 .text          0x340002ce        0x0 ./generate/src/Mcu_PBcfg.o
 .text          0x340002ce        0x0 ./generate/src/OsIf_Cfg.o
 .text          0x340002ce        0x0 ./generate/src/Pit_Ip_PBcfg.o
 .text          0x340002ce        0x0 ./generate/src/Platform_Cfg.o
 .text          0x340002ce        0x0 ./generate/src/Platform_Ipw_Cfg.o
 .text          0x340002ce        0x0 ./generate/src/Port_Cfg.o
 .text          0x340002ce        0x0 ./generate/src/Port_PBcfg.o
 .text          0x340002ce        0x0 ./generate/src/Power_Ip_Cfg.o
 .text          0x340002ce        0x0 ./generate/src/Power_Ip_PBcfg.o
 .text          0x340002ce        0x0 ./generate/src/Ram_Ip_Cfg.o
 .text          0x340002ce        0x0 ./generate/src/Ram_Ip_PBcfg.o
 .text          0x340002ce        0x0 ./generate/src/Rtc_Ip_PBcfg.o
 .text          0x340002ce        0x0 ./generate/src/Siul2_Port_Ip_PBcfg.o
 .text          0x340002ce        0x0 ./generate/src/Stm_Ip_PBcfg.o
 *fill*         0x340002ce        0x2 
 .text          0x340002d0       0x6c ./src/Process_Queue.o
                0x340002d0                init_queue
                0x340002d8                is_empty
                0x340002e4                is_full
                0x340002f6                enqueue
                0x34000320                dequeue
 .text          0x3400033c      0x130 ./src/main.o
                0x3400033c                Gpt_PitNotification
                0x34000354                Eth_Receive_SKKU
                0x3400038e                Eth_Local_Memcpy
                0x3400039e                Eth_RxIrqCallback_SKKU
                0x3400044c                FlexCAN_init_SKKU
 .text          0x3400046c      0x254 c:/nxp/s32ds.3.5/s32ds/build_tools/gcc_v9.2/gcc-9.2-arm32-eabi/bin/../lib/gcc/arm-none-eabi/9.2.0/thumb/v7e-m+fp/hard\libgcc.a(_arm_muldf3.o)
 .text          0x340006c0      0x378 c:/nxp/s32ds.3.5/s32ds/build_tools/gcc_v9.2/gcc-9.2-arm32-eabi/bin/../lib/gcc/arm-none-eabi/9.2.0/thumb/v7e-m+fp/hard\libgcc.a(_arm_addsubdf3.o)
                0x340006c0                __aeabi_drsub
                0x340006c8                __aeabi_dsub
                0x340006c8                __subdf3
                0x340006cc                __aeabi_dadd
                0x340006cc                __adddf3
                0x34000944                __floatunsidf
                0x34000944                __aeabi_ui2d
                0x34000964                __floatsidf
                0x34000964                __aeabi_i2d
                0x34000988                __aeabi_f2d
                0x34000988                __extendsfdf2
                0x340009cc                __floatundidf
                0x340009cc                __aeabi_ul2d
                0x340009dc                __floatdidf
                0x340009dc                __aeabi_l2d
 .text          0x34000a38      0x424 c:/nxp/s32ds.3.5/s32ds/build_tools/gcc_v9.2/gcc-9.2-arm32-eabi/bin/../lib/gcc/arm-none-eabi/9.2.0/thumb/v7e-m+fp/hard\libgcc.a(_arm_muldivdf3.o)
                0x34000a38                __aeabi_dmul
                0x34000a38                __muldf3
                0x34000c8c                __divdf3
                0x34000c8c                __aeabi_ddiv
 .text          0x34000e5c       0x40 c:/nxp/s32ds.3.5/s32ds/build_tools/gcc_v9.2/gcc-9.2-arm32-eabi/bin/../lib/gcc/arm-none-eabi/9.2.0/thumb/v7e-m+fp/hard\libgcc.a(_arm_fixunsdfsi.o)
                0x34000e5c                __aeabi_d2uiz
                0x34000e5c                __fixunsdfsi
 .text          0x34000e9c       0x30 c:/nxp/s32ds.3.5/s32ds/build_tools/gcc_v9.2/gcc-9.2-arm32-eabi/bin/../lib/gcc/arm-none-eabi/9.2.0/thumb/v7e-m+fp/hard\libgcc.a(_aeabi_uldivmod.o)
                0x34000e9c                __aeabi_uldivmod
 .text          0x34000ecc      0x2c4 c:/nxp/s32ds.3.5/s32ds/build_tools/gcc_v9.2/gcc-9.2-arm32-eabi/bin/../lib/gcc/arm-none-eabi/9.2.0/thumb/v7e-m+fp/hard\libgcc.a(_udivmoddi4.o)
                0x34000ecc                __udivmoddi4
 .text          0x34001190        0x4 c:/nxp/s32ds.3.5/s32ds/build_tools/gcc_v9.2/gcc-9.2-arm32-eabi/bin/../lib/gcc/arm-none-eabi/9.2.0/thumb/v7e-m+fp/hard\libgcc.a(_dvmd_tls.o)
                0x34001190                __aeabi_idiv0
                0x34001190                __aeabi_ldiv0
 *(.text*)
                0x34001194                . = ALIGN (0x4)
 *(.mcal_text)
 .mcal_text     0x34001194       0x14 ./Project_Settings/Startup_Code/exceptions.o
                0x34001194                NMI_Handler
                0x34001196                HardFault_Handler
                0x34001198                MemManage_Handler
                0x3400119a                BusFault_Handler
                0x3400119c                UsageFault_Handler
                0x3400119e                SVC_Handler
                0x340011a0                DebugMon_Handler
                0x340011a2                PendSV_Handler
                0x340011a4                SysTick_Handler
                0x340011a6                undefined_handler
 .mcal_text     0x340011a8       0x52 ./Project_Settings/Startup_Code/nvic.o
                0x340011a8                NVIC_SetPriorityGrouping
                0x340011bc                NVIC_EnableIRQ
                0x340011d4                NVIC_DisableIRQ
                0x340011ec                NVIC_SetPriority
 *fill*         0x340011fa        0x2 
 .mcal_text     0x340011fc       0xec ./Project_Settings/Startup_Code/startup.o
                0x340011fc                init_data_bss
                0x3400128c                init_data_bss_core2
 .mcal_text     0x340012e8      0x244 ./Project_Settings/Startup_Code/system.o
                0x340012e8                startup_go_to_user_mode
                0x340012ea                default_interrupt_routine
                0x340012ec                SystemWfiConfig
                0x34001360                SystemInit
 .mcal_text     0x3400152c      0x814 ./RTD/src/Clock_Ip.o
                0x3400152e                Clock_Ip_InitClock
                0x34001a8c                Clock_Ip_GetPllStatus
                0x34001b28                Clock_Ip_DistributePll
                0x34001c1c                Clock_Ip_Init
                0x34001c40                Clock_Ip_DisableClockMonitor
                0x34001c64                Clock_Ip_InstallNotificationsCallback
                0x34001c70                Clock_Ip_DisableModuleClock
                0x34001c98                Clock_Ip_EnableModuleClock
                0x34001cc0                Clock_Ip_ReportClockErrors
                0x34001ccc                Clock_Ip_StartTimeout
                0x34001cec                Clock_Ip_TimeoutExpired
                0x34001d08                Clock_Ip_GetConfiguredFrequencyValue
 .mcal_text     0x34001d40      0x15c ./RTD/src/Clock_Ip_Divider.o
 .mcal_text     0x34001e9c       0xa0 ./RTD/src/Clock_Ip_DividerTrigger.o
 .mcal_text     0x34001f3c      0x128 ./RTD/src/Clock_Ip_ExtOsc.o
 .mcal_text     0x34002064       0xe4 ./RTD/src/Clock_Ip_FracDiv.o
 .mcal_text     0x34002148       0xa0 ./RTD/src/Clock_Ip_Gate.o
 .mcal_text     0x340021e8        0x4 ./RTD/src/Clock_Ip_IntOsc.o
 .mcal_text     0x340021ec        0x4 ./RTD/src/Clock_Ip_Irq.o
                0x340021ec                Mcu_Cmu_ClockFail_IRQHandler
 .mcal_text     0x340021f0      0x224 ./RTD/src/Clock_Ip_Monitor.o
                0x340023bc                Clock_Ip_CMU_GetInterruptStatus
                0x340023d0                Clock_Ip_CMU_ClockFailInt
 .mcal_text     0x34002414      0x1b0 ./RTD/src/Clock_Ip_Pll.o
 .mcal_text     0x340025c4      0x144 ./RTD/src/Clock_Ip_ProgFreqSwitch.o
 .mcal_text     0x34002708      0x3cc ./RTD/src/Clock_Ip_Selector.o
                0x34002a2e                Clock_Ip_ConfigureResetGenCtrl1
                0x34002a60                Clock_Ip_ConfigureSetGenCtrl1
                0x34002aa8                Clock_Ip_SetRtcRtccClksel_TrustedCall
 .mcal_text     0x34002ad4      0x28c ./RTD/src/Clock_Ip_Specific2.o
                0x34002ad4                Clock_Ip_McMeEnterKey
                0x34002ae8                Clock_Ip_SpecificPeripheralClockInitialization
                0x34002aea                Clock_Ip_SpecificPlatformInitClock
                0x34002d5c                Clock_Ip_ClockInitializeObjects
                0x34002d5e                Clock_Ip_ClockPowerModeChangeNotification
 .mcal_text     0x34002d60       0xa4 ./RTD/src/Det.o
                0x34002d60                Det_Init
                0x34002d62                Det_ReportError
                0x34002d98                Det_ReportRuntimeError
                0x34002dcc                Det_ReportTransientFault
                0x34002e00                Det_Start
 .mcal_text     0x34002e04      0x21c ./RTD/src/Det_stub.o
                0x34002e04                Det_TestLastReportError
                0x34002e6c                Det_TestLastReportRuntimeError
                0x34002ed4                Det_TestLastReportTransientFault
                0x34002f3c                Det_TestNoError
                0x34002f88                Det_TestNoRuntimeError
                0x34002fd4                Det_TestNoTransientFault
 .mcal_text     0x34003020       0x18 ./RTD/src/Dio.o
                0x34003020                Dio_ReadChannel
                0x34003024                Dio_WriteChannel
                0x34003028                Dio_ReadPort
                0x3400302c                Dio_WritePort
                0x34003030                Dio_ReadChannelGroup
                0x34003034                Dio_WriteChannelGroup
 .mcal_text     0x34003038      0x158 ./RTD/src/Dio_Ipw.o
                0x34003038                Dio_Ipw_ReadChannel
                0x34003060                Dio_Ipw_WriteChannel
                0x34003084                Dio_Ipw_ReadPort
                0x340030b8                Dio_Ipw_WritePort
                0x340030ec                Dio_Ipw_ReadChannelGroup
                0x34003154                Dio_Ipw_WriteChannelGroup
 .mcal_text     0x34003190      0x4a0 ./RTD/src/Eth.o
                0x34003190                Eth_Init
                0x340031c8                Eth_SetControllerMode
                0x34003228                Eth_GetControllerMode
                0x34003236                Eth_GetPhysAddr
                0x3400323a                Eth_SetPhysAddr
                0x3400323e                Eth_UpdatePhysAddrFilter
                0x34003242                Eth_WriteMii
                0x34003270                Eth_ReadMii
                0x340032a8                Eth_ReadMmd
                0x340032bc                Eth_WriteMmd
                0x340032d2                Eth_GetRxStats
                0x340032d6                Eth_GetTxStats
                0x340032da                Eth_SetGlobalTime
                0x340032f4                Eth_SetCorrectionTime
                0x34003310                Eth_GetCurrentTime
                0x34003318                Eth_EnableEgressTimeStamp
                0x3400331c                Eth_GetEgressTimeStamp
                0x34003340                Eth_GetIngressTimeStamp
                0x34003394                Eth_ProvideTxBuffer
                0x34003408                Eth_TxTimeAwareShaperInit
                0x3400341c                Eth_Transmit
                0x340034f0                Eth_ReportTransmission
                0x34003550                Eth_Receive
                0x340035d4                Eth_TxConfirmation
                0x340035fc                Eth_MainFunction
 .mcal_text     0x34003630      0x5e4 ./RTD/src/Eth_Ipw.o
                0x34003630                Eth_Ipw_SelectPhyInterface
                0x34003658                Eth_Ipw_ReceiveFrame
                0x340036c8                Eth_Ipw_ReleaseResources
                0x340036e4                Eth_Ipw_GetRxStats
                0x340037aa                Eth_Ipw_GetTxStats
                0x340037de                Eth_Ipw_SetGlobalTime
                0x3400381c                Eth_Ipw_SetCorrectionTime
                0x340038f0                Eth_Ipw_GetCurrentTime
                0x34003914                Eth_Ipw_EnableEgressTimeStamp
                0x34003916                Eth_Ipw_GetEgressTimeStamp
                0x34003940                Eth_Ipw_GetIngressTimeStamp
                0x3400397c                Eth_Ipw_CheckAccessToController
                0x34003980                Eth_Ipw_TxTimeAwareShaperInit
                0x34003990                Eth_Ipw_ConfigureController
                0x34003a14                Eth_Ipw_EnableController
                0x34003a1e                Eth_Ipw_DisableController
                0x34003a2c                Eth_Ipw_GetControllerMode
                0x34003a3a                Eth_Ipw_GetPhysicalAddress
                0x34003a3e                Eth_Ipw_SetPhysicalAddress
                0x34003a42                Eth_Ipw_ProvideTxBuffer
                0x34003aac                Eth_Ipw_Transmit
                0x34003ad2                Eth_Ipw_GetTransmissionStatus
                0x34003b04                Eth_Ipw_WriteMii
                0x34003b18                Eth_Ipw_ReadMii
                0x34003b2c                Eth_Ipw_ReadMmd
                0x34003b44                Eth_Ipw_WriteMmd
                0x34003b5e                Eth_Ipw_UpdatePhysAddrFilter
 .mcal_text     0x34003c14       0x22 ./RTD/src/Eth_Irq.o
                0x34003c14                Eth_RxIrqCallback
                0x34003c32                Eth_TxIrqCallback
 *fill*         0x34003c36        0x2 
 .mcal_text     0x34003c38     0x21a8 ./RTD/src/FlexCAN_Ip.o
                0x34004424                FlexCAN_Ip_Init_Privileged
                0x3400462c                FlexCAN_Ip_Send
                0x340046a0                FlexCAN_Ip_ConfigRxMb
                0x34004734                FlexCAN_Ip_Receive
                0x34004784                FlexCAN_Ip_ReceiveBlocking
                0x3400486c                FlexCAN_Ip_RxFifo
                0x340048b4                FlexCAN_Ip_RxFifoBlocking
                0x340049a4                FlexCAN_Ip_ConfigRxFifo_Privileged
                0x34004a10                FlexCAN_Ip_ConfigEnhancedRxFifo_Privileged
                0x34004a80                FlexCAN_Ip_ConfigRemoteResponseMb
                0x34004b40                FlexCAN_Ip_GetTransferStatus
                0x34004b80                FlexCAN_IRQHandler
                0x34004d4c                FlexCAN_Ip_ClearErrorStatus
                0x34004d68                FlexCAN_Ip_GetErrorStatus
                0x34004d84                FlexCAN_Ip_GetControllerTxErrorCounter
                0x34004da4                FlexCAN_Ip_GetControllerRxErrorCounter
                0x34004dc4                FlexCAN_Error_IRQHandler
                0x34004e3c                FlexCAN_BusOff_IRQHandler
                0x34004ed8                FlexCAN_Ip_SendBlocking
                0x34004fd0                FlexCAN_Ip_SetRxMbGlobalMask_Privileged
                0x34005024                FlexCAN_Ip_EnterFreezeMode_Privileged
                0x34005034                FlexCAN_Ip_ExitFreezeMode_Privileged
                0x34005044                FlexCAN_Ip_SetRxIndividualMask_Privileged
                0x340050bc                FlexCAN_Ip_SetRxFifoGlobalMask_Privileged
                0x34005114                FlexCAN_Ip_Deinit_Privileged
                0x34005230                FlexCAN_Ip_MainFunctionRead
                0x340052c8                FlexCAN_Ip_MainFunctionBusOff_Privileged
                0x3400530c                FlexCAN_Ip_MainFunctionWrite
                0x340053ac                FlexCAN_Ip_GetStopMode_Privileged
                0x340053c0                FlexCAN_Ip_GetStartMode_Privileged
                0x340053d8                FlexCAN_Ip_SetStartMode_Privileged
                0x3400540c                FlexCAN_Ip_SetStopMode_Privileged
                0x3400543c                FlexCAN_Ip_SetRxMaskType_Privileged
                0x340054a8                FlexCAN_Ip_SetBitrate_Privileged
                0x34005550                FlexCAN_Ip_GetBitrate
                0x34005604                FlexCAN_Ip_ClearTDCFail
                0x3400564c                FlexCAN_Ip_GetTDCFail
                0x34005680                FlexCAN_Ip_GetTDCValue
                0x340056b4                FlexCAN_Ip_SetBitrateCbt_Privileged
                0x3400577c                FlexCAN_Ip_GetBitrateFD
                0x34005818                FlexCAN_Ip_SetTDCOffset_Privileged
                0x340058c4                FlexCAN_Ip_SetTxArbitrationStartDelay_Privileged
                0x34005930                FlexCAN_Ip_GetBuffStatusFlag
                0x34005964                FlexCAN_Ip_ClearBuffStatusFlag
                0x34005994                FlexCAN_Ip_EnableInterrupts_Privileged
                0x340059f0                FlexCAN_Ip_DisableInterrupts_Privileged
                0x34005a40                FlexCAN_Ip_SetErrorInt_Privileged
                0x34005adc                FlexCAN_Ip_AbortTransfer
                0x34005c34                FlexCAN_Ip_SetRxMb14Mask_Privileged
                0x34005c8c                FlexCAN_Ip_SetRxMb15Mask_Privileged
                0x34005ce4                FlexCAN_Ip_SetListenOnlyMode_Privileged
                0x34005d54                FlexCAN_Ip_GetListenOnlyMode
                0x34005d68                FlexCAN_Ip_ManualBusOffRecovery
 .mcal_text     0x34005de0      0xed8 ./RTD/src/FlexCAN_Ip_HwAccess.o
                0x34005e10                FlexCAN_ComputePayloadSize
                0x34005e2c                FlexCAN_GetMaxMbNum
                0x34005e58                FlexCAN_EnterFreezeMode
                0x34005eb8                FlexCAN_Enable
                0x34005f02                FlexCAN_ExitFreezeMode
                0x34005f54                FlexCAN_Disable
                0x34005fa4                FlexCAN_SetErrIntCmd
                0x3400600c                FlexCAN_EnableRxFifo
                0x3400605a                FlexCAN_SetPayloadSize
                0x340060e6                FlexCAN_GetMbPayloadSize
                0x3400611c                FlexCAN_SetMsgBuffIntCmd
                0x34006200                FLEXCAN_ClearMsgBuffIntCmd
                0x34006294                FlexCAN_DisableInterrupts
                0x340062b4                FlexCAN_EnableInterrupts
                0x340062e8                FlexCAN_SetTxMsgBuff
                0x340063f4                FlexCAN_SetOperationMode
                0x34006432                FlexCAN_SetRxFifoFilter
                0x340065d8                FlexCAN_ReadRxFifo
                0x34006640                FlexCAN_ReadEnhancedRxFifo
                0x340066b4                FlexCAN_IsMbOutOfRange
                0x340066d6                FlexCAN_IsEnhancedRxFifoAvailable
                0x34006700                FlexCAN_GetMsgBuffRegion
                0x34006788                FlexCAN_LockRxMsgBuff
                0x34006792                FlexCAN_SetRxMsgBuff
                0x3400681c                FlexCAN_GetMsgBuffTimestamp
                0x34006828                FlexCAN_GetMsgBuff
                0x340068be                FlexCAN_Init
                0x340069cc                FlexCAN_SetMaxMsgBuffNum
                0x34006a76                FlexCAN_EnableEnhancedRxFifo
                0x34006b06                FlexCAN_SetEnhancedRxFifoFilter
                0x34006c24                FlexCAN_ConfigCtrlOptions
                0x34006ca0                FlexCAN_ResetImaskBuff
 .mcal_text     0x34006cb8       0x90 ./RTD/src/FlexCAN_Ip_Irq.o
                0x34006cb8                CAN0_ORED_IRQHandler
                0x34006cbe                CAN0_ERR_IRQHandler
                0x34006cc4                CAN0_ORED_0_7_MB_IRQHandler
                0x34006cd0                CAN0_ORED_8_127_MB_IRQHandler
                0x34006cdc                CAN1_ORED_IRQHandler
                0x34006ce2                CAN1_ERR_IRQHandler
                0x34006ce8                CAN1_ORED_0_7_MB_IRQHandler
                0x34006cf4                CAN1_ORED_8_127_MB_IRQHandler
                0x34006d00                CAN2_ORED_IRQHandler
                0x34006d06                CAN2_ERR_IRQHandler
                0x34006d0c                CAN2_ORED_0_7_MB_IRQHandler
                0x34006d18                CAN2_ORED_8_127_MB_IRQHandler
                0x34006d24                CAN3_ORED_IRQHandler
                0x34006d2a                CAN3_ERR_IRQHandler
                0x34006d30                CAN3_ORED_0_7_MB_IRQHandler
                0x34006d3c                CAN3_ORED_8_127_MB_IRQHandler
 .mcal_text     0x34006d48     0x1430 ./RTD/src/Gmac_Ip.o
                0x34006e64                Gmac_Ip_TxTimeAwareShaperInit
                0x34006f58                Gmac_Ip_Deinit
                0x34006f7c                Gmac_Ip_GetPowerState
                0x34006f8c                Gmac_Ip_SetPowerState
                0x34006f9c                Gmac_Ip_EnableController
                0x34007000                Gmac_Ip_DisableController
                0x34007148                Gmac_Ip_SetSpeed
                0x34007158                Gmac_Ip_GetTxBuff
                0x340071e4                Gmac_Ip_SendFrame
                0x3400726c                Gmac_Ip_ReadFrame
                0x340073ac                Gmac_Ip_ProvideRxBuff
                0x34007468                Gmac_Ip_IsFrameAvailable
                0x34007494                Gmac_Ip_GetTransmitStatus
                0x34007528                Gmac_Ip_GetCounter
                0x34007544                Gmac_Ip_EnableMDIO
                0x3400759c                Gmac_Ip_MDIORead
                0x340075f8                Gmac_Ip_MDIOWrite
                0x34007644                Gmac_Ip_MDIOReadMMD
                0x34007688                Gmac_Ip_MDIOWriteMMD
                0x340076c8                Gmac_Ip_SetMacAddr
                0x340076e4                Gmac_Ip_Init
                0x34007ac8                Gmac_Ip_GetMacAddr
                0x34007af4                Gmac_Ip_GetInterruptFlags
                0x34007b04                Gmac_Ip_GetChInterruptFlags
                0x34007b18                Gmac_Ip_SetBroadcastForwardAll
                0x34007b44                Gmac_Ip_SetMulticastForwardAll
                0x34007b78                Gmac_Ip_SetUnicastHashFilter
                0x34007ba4                Gmac_Ip_SetMulticastHashFilter
                0x34007bd0                Gmac_Ip_SetHashOrPerfectFilter
                0x34007bfc                Gmac_Ip_AddDstAddrToHashFilter
                0x34007c1c                Gmac_Ip_RemoveDstAddrFromHashFilter
                0x34007c3c                Gmac_Ip_SetAddrPerfectFilter
                0x34007cbc                Gmac_Ip_SetArpOffloading
                0x34007ce4                Gmac_Ip_EnableVlan
                0x34007d50                Gmac_Ip_SetTxOuterVlanTagForInsertion
                0x34007dd4                Gmac_Ip_SetTxOuterVlanTagForReplacement
                0x34007e08                Gmac_Ip_SetTxInnerVlanTag
                0x34007e2c                Gmac_Ip_SetVlanTagRxFilter
                0x34007e80                Gmac_Ip_AddVlanTagToRxFilter
                0x34007ef8                Gmac_Ip_ReadVlanTagRxFilter
                0x34007f08                Gmac_Ip_ClearVlanTagRxFilter
                0x34007f68                Gmac_Ip_AddVlanTagToHashTable
                0x34007f8c                Gmac_Ip_RemoveVlanTagFromHashTable
                0x34007fb0                Gmac_Ip_InitSysTime
                0x34008024                Gmac_Ip_SetSysTimeCorr
                0x34008088                Gmac_Ip_SetRateRatioCorr
                0x340080f0                Gmac_Ip_GetSysTime
                0x34008110                Gmac_Ip_SetTxSchedAlgo
                0x34008120                Gmac_Ip_SetTxRingWeight
                0x3400814c                Gmac_Ip_EnableTxStoreAndForward
                0x34008160                Gmac_Ip_SetTxThreshold
 .mcal_text     0x34008178      0x5dc ./RTD/src/Gmac_Ip_Hw_Access.o
                0x340081a6                GMAC_StartTimeOut
                0x340081c8                GMAC_TimeoutExpired
                0x340081e4                GMAC_WriteManagementFrame
                0x34008278                GMAC_CommonIRQHandler
                0x34008380                GMAC_RxIRQHandler
                0x340083c8                GMAC_TxIRQHandler
                0x34008410                GMAC_AddToHashTable
                0x3400843a                GMAC_RemoveFromHashTable
                0x34008466                GMAC_AddVlanToHashTable
                0x3400848c                GMAC_RemoveVlanFromHashTable
                0x340084b2                GMAC_GetPowerState
                0x340084e2                GMAC_SetPowerState
                0x3400854a                GMAC_SetSpeed
                0x3400858a                GMAC_SetSchedAlg
                0x340085a8                GMAC_SetTxQueueQuantumWeight
                0x340085ac                GMAC_SetTxQueueCreditBasedShaper
                0x340085b4                GMAC_SetTxQueueOperationMode
                0x340085da                GMAC_SetTxStoreAndForward
                0x340085e4                GMAC_SetTxThreshold
                0x340085fa                GMAC_EnableRxQueue
                0x34008634                GMAC_SetRxQueueOperationMode
                0x3400864a                GMAC_SetRxQueuesDmaChMap
                0x34008696                GMAC_SetVlanTagInvMatch
                0x340086a8                GMAC_SetVlanTagDataRxMatch
                0x340086fe                GMAC_ReadVlanTagRxFilter
 .mcal_text     0x34008754       0x56 ./RTD/src/Gmac_Ip_Irq.o
                0x34008754                GMAC0_Common_IRQHandler
                0x3400875a                GMAC0_CH0_TX_IRQHandler
                0x34008762                GMAC0_CH0_RX_IRQHandler
                0x3400876a                GMAC0_CH1_TX_IRQHandler
                0x34008772                GMAC0_CH1_RX_IRQHandler
                0x3400877a                GMAC0_CH2_TX_IRQHandler
                0x34008782                GMAC0_CH2_RX_IRQHandler
                0x3400878a                GMAC0_CH3_TX_IRQHandler
                0x34008792                GMAC0_CH3_RX_IRQHandler
                0x3400879a                GMAC0_CH4_TX_IRQHandler
                0x340087a2                GMAC0_CH4_RX_IRQHandler
 *fill*         0x340087aa        0x2 
 .mcal_text     0x340087ac      0x244 ./RTD/src/Gpt.o
                0x340087ac                Gpt_Init
                0x34008808                Gpt_DeInit
                0x34008880                Gpt_StartTimer
                0x340088e8                Gpt_StopTimer
                0x3400891c                Gpt_EnableNotification
                0x34008950                Gpt_DisableNotification
                0x3400899c                Gpt_ProcessCommonInterrupt
 .mcal_text     0x340089f0       0xcc ./RTD/src/Gpt_Ipw.o
                0x340089f0                Gpt_Ipw_InitInstances
                0x34008a18                Gpt_Ipw_Init
                0x34008a26                Gpt_Ipw_StartTimer
                0x34008a3e                Gpt_Ipw_GetTimeElapsed
                0x34008a84                Gpt_Ipw_StopTimer
                0x34008a92                Gpt_Ipw_EnableInterrupt
                0x34008aa0                Gpt_Ipw_DeInit
                0x34008aac                Gpt_Ipw_DisableInterrupt
 .mcal_text     0x34008abc      0x1c4 ./RTD/src/IntCtrl_Ip.o
                0x34008abc                IntCtrl_Ip_InstallHandlerPrivileged
                0x34008ade                IntCtrl_Ip_EnableIrqPrivileged
                0x34008af6                IntCtrl_Ip_DisableIrqPrivileged
                0x34008b0e                IntCtrl_Ip_SetPriorityPrivileged
                0x34008b1c                IntCtrl_Ip_GetPriorityPrivileged
                0x34008b28                IntCtrl_Ip_ClearPendingPrivileged
                0x34008b40                IntCtrl_Ip_ClearDirectedCpuInterruptPrivileged
                0x34008b68                IntCtrl_Ip_GetDirectedCpuInterruptPrivileged
                0x34008b94                IntCtrl_Ip_GenerateDirectedCpuInterruptPrivileged
                0x34008bec                IntCtrl_Ip_Init
                0x34008c3e                IntCtrl_Ip_InstallHandler
                0x34008c42                IntCtrl_Ip_EnableIrq
                0x34008c46                IntCtrl_Ip_DisableIrq
                0x34008c4a                IntCtrl_Ip_SetPriority
                0x34008c58                IntCtrl_Ip_GetPriority
                0x34008c64                IntCtrl_Ip_ClearPending
                0x34008c68                IntCtrl_Ip_ClearDirectedCpuInterrupt
                0x34008c6c                IntCtrl_Ip_GetDirectedCpuInterrupt
                0x34008c7a                IntCtrl_Ip_GenerateDirectedCpuInterrupt
 .mcal_text     0x34008c80       0xc8 ./RTD/src/Mcu.o
                0x34008c80                Mcu_Init
                0x34008cd8                Mcu_InitRamSection
                0x34008cdc                Mcu_InitClock
                0x34008d00                Mcu_SetMode
                0x34008d2c                Mcu_DistributePllClock
                0x34008d36                Mcu_GetPllStatus
                0x34008d3a                Mcu_GetResetReason
                0x34008d3e                Mcu_GetResetRawValue
                0x34008d42                Mcu_SleepOnExit
 .mcal_text     0x34008d48       0x50 ./RTD/src/Mcu_Ipw.o
                0x34008d48                ClockNotificationsCallback
                0x34008d4a                Mcu_Ipw_Init
                0x34008d64                Mcu_Ipw_InitClock
                0x34008d68                Mcu_Ipw_DistributePllClock
                0x34008d6c                Mcu_Ipw_GetPllStatus
                0x34008d82                Mcu_Ipw_SetMode
                0x34008d86                Mcu_Ipw_GetResetReason
                0x34008d8a                Mcu_Ipw_GetResetRawValue
                0x34008d8e                Mcu_Ipw_SleepOnExit
 .mcal_text     0x34008d98       0x44 ./RTD/src/OsIf_Timer.o
                0x34008d98                OsIf_Init
                0x34008da2                OsIf_GetCounter
                0x34008dae                OsIf_GetElapsed
                0x34008dc0                OsIf_SetTimerFrequency
                0x34008dca                OsIf_MicrosToTicks
 .mcal_text     0x34008ddc       0xe8 ./RTD/src/OsIf_Timer_System.o
                0x34008ddc                OsIf_Timer_System_Init
                0x34008e0c                OsIf_Timer_System_GetCounter
                0x34008e2c                OsIf_Timer_System_GetElapsed
                0x34008e4c                OsIf_Timer_System_SetTimerFrequency
                0x34008e74                OsIf_Timer_System_MicrosToTicks
 .mcal_text     0x34008ec4       0x4c ./RTD/src/OsIf_Timer_System_Internal_Systick.o
                0x34008ec4                OsIf_Timer_System_Internal_Init
                0x34008edc                OsIf_Timer_System_Internal_GetCounter
                0x34008eec                OsIf_Timer_System_Internal_GetElapsed
 .mcal_text     0x34008f10      0x304 ./RTD/src/Pit_Ip.o
                0x34008f10                Pit_Ip_GetLoadValue
                0x34008f24                Pit_Ip_Init
                0x34008f50                Pit_Ip_InitChannel
                0x34008fcc                Pit_Ip_Deinit
                0x34009018                Pit_Ip_StartChannel
                0x34009058                Pit_Ip_StopChannel
                0x34009090                Pit_Ip_GetCurrentTimer
                0x340090a8                Pit_Ip_EnableChannelInterrupt
                0x340090dc                Pit_Ip_DisableChannelInterrupt
                0x34009114                Pit_Ip_SetLifetimeTimer
                0x34009180                Pit_Ip_GetLifetimeTimer
                0x3400919c                PIT_0_ISR
 .mcal_text     0x34009214       0x44 ./RTD/src/Platform.o
                0x34009214                Platform_Init
                0x34009224                Platform_SetIrq
                0x34009236                Platform_SetIrqPriority
                0x34009240                Platform_GetIrqPriority
                0x3400924e                Platform_InstallIrqHandler
 .mcal_text     0x34009258        0xa ./RTD/src/Platform_Ipw.o
                0x34009258                Platform_Ipw_Init
 *fill*         0x34009262        0x2 
 .mcal_text     0x34009264       0xe0 ./RTD/src/Port.o
                0x34009264                Port_Init
                0x3400929c                Port_SetPinDirection
                0x340092cc                Port_SetPinMode
                0x340092f8                Port_RefreshPortDirection
                0x34009324                Port_GetVersionInfo
 .mcal_text     0x34009344      0x430 ./RTD/src/Port_Ipw.o
                0x34009344                Port_Ipw_Init
                0x34009430                Port_Ipw_SetPinDirection
                0x340094c8                Port_Ipw_SetGpioDirChangeability
                0x34009510                Port_Ipw_SetGpioPadOutput
                0x3400953c                Port_Ipw_SetPinMode
                0x34009714                Port_Ipw_RefreshPortDirection
 .mcal_text     0x34009774       0xa4 ./RTD/src/Power_Ip.o
                0x34009774                Power_Ip_SetMode
                0x340097f0                Power_Ip_GetResetReason
                0x340097f4                Power_Ip_GetResetRawValue
                0x340097f8                Power_Ip_Init
                0x3400980c                Power_Ip_InstallNotificationsCallback
 .mcal_text     0x34009818       0x68 ./RTD/src/Power_Ip_CortexM7.o
                0x34009818                Power_Ip_CM7_DisableSleepOnExit
                0x3400982a                Power_Ip_CM7_EnableSleepOnExit
                0x3400983c                Power_Ip_CortexM_WarmReset
                0x3400985c                Power_Ip_CM7_DisableDeepSleep
                0x3400986e                Power_Ip_CM7_EnableDeepSleep
 .mcal_text     0x34009880      0x3d0 ./RTD/src/Power_Ip_MC_ME.o
                0x34009978                Power_Ip_MC_ME_ConfigCoreCOFBClock
                0x34009bbc                Power_Ip_MC_ME_EnablePartitionClock
                0x34009bda                Power_Ip_MC_ME_DisablePartitionClock
                0x34009bf8                Power_Ip_MC_ME_EnablePartitionOutputSafe
                0x34009c16                Power_Ip_MC_ME_DisablePartitionOutputSafe
                0x34009c34                Power_Ip_MC_ME_SocTriggerResetEvent
 .mcal_text     0x34009c50      0x480 ./RTD/src/Power_Ip_MC_RGM.o
                0x34009d48                Power_Ip_MC_RGM_ResetInit
                0x34009d78                Power_Ip_MC_RGM_ModeConfig
                0x34009e2c                Power_Ip_MC_RGM_CheckModeConfig
                0x34009f30                Power_Ip_MC_RGM_EnableResetDomain
                0x34009f6c                Power_Ip_MC_RGM_DisableResetDomain
                0x34009fa0                Power_Ip_MC_RGM_GetResetReason
                0x3400a03c                Power_Ip_MC_RGM_GetResetRawValue
 .mcal_text     0x3400a0d0       0x24 ./RTD/src/Power_Ip_MSCM.o
                0x3400a0d0                Power_Ip_MSCM_GetPersonality
 .mcal_text     0x3400a0f4        0xc ./RTD/src/Power_Ip_PMC.o
                0x3400a0f4                Power_Ip_PMC_PowerInit
 .mcal_text     0x3400a100       0x4c ./RTD/src/Power_Ip_Private.o
                0x3400a100                Power_Ip_ReportPowerErrors
                0x3400a10c                Power_Ip_ReportPowerErrorsEmptyCallback
                0x3400a10e                Power_Ip_StartTimeout
                0x3400a12e                Power_Ip_TimeoutExpired
 .mcal_text     0x3400a14c       0xe0 ./RTD/src/Ram_Ip.o
                0x3400a14c                Ram_Ip_InitRamSection
 .mcal_text     0x3400a22c      0x834 ./RTD/src/SchM_Can.o
                0x3400a22c                SchM_Enter_Can_CAN_EXCLUSIVE_AREA_00
                0x3400a260                SchM_Exit_Can_CAN_EXCLUSIVE_AREA_00
                0x3400a290                SchM_Enter_Can_CAN_EXCLUSIVE_AREA_01
                0x3400a2c4                SchM_Exit_Can_CAN_EXCLUSIVE_AREA_01
                0x3400a2f4                SchM_Enter_Can_CAN_EXCLUSIVE_AREA_02
                0x3400a328                SchM_Exit_Can_CAN_EXCLUSIVE_AREA_02
                0x3400a358                SchM_Enter_Can_CAN_EXCLUSIVE_AREA_03
                0x3400a38c                SchM_Exit_Can_CAN_EXCLUSIVE_AREA_03
                0x3400a3bc                SchM_Enter_Can_CAN_EXCLUSIVE_AREA_04
                0x3400a3f0                SchM_Exit_Can_CAN_EXCLUSIVE_AREA_04
                0x3400a420                SchM_Enter_Can_CAN_EXCLUSIVE_AREA_05
                0x3400a454                SchM_Exit_Can_CAN_EXCLUSIVE_AREA_05
                0x3400a484                SchM_Enter_Can_CAN_EXCLUSIVE_AREA_06
                0x3400a4b8                SchM_Exit_Can_CAN_EXCLUSIVE_AREA_06
                0x3400a4e8                SchM_Enter_Can_CAN_EXCLUSIVE_AREA_07
                0x3400a51c                SchM_Exit_Can_CAN_EXCLUSIVE_AREA_07
                0x3400a54c                SchM_Enter_Can_CAN_EXCLUSIVE_AREA_08
                0x3400a580                SchM_Exit_Can_CAN_EXCLUSIVE_AREA_08
                0x3400a5b0                SchM_Enter_Can_CAN_EXCLUSIVE_AREA_09
                0x3400a5e4                SchM_Exit_Can_CAN_EXCLUSIVE_AREA_09
                0x3400a614                SchM_Enter_Can_CAN_EXCLUSIVE_AREA_10
                0x3400a648                SchM_Exit_Can_CAN_EXCLUSIVE_AREA_10
                0x3400a678                SchM_Enter_Can_CAN_EXCLUSIVE_AREA_11
                0x3400a6ac                SchM_Exit_Can_CAN_EXCLUSIVE_AREA_11
                0x3400a6dc                SchM_Enter_Can_CAN_EXCLUSIVE_AREA_12
                0x3400a710                SchM_Exit_Can_CAN_EXCLUSIVE_AREA_12
                0x3400a740                SchM_Enter_Can_CAN_EXCLUSIVE_AREA_13
                0x3400a774                SchM_Exit_Can_CAN_EXCLUSIVE_AREA_13
                0x3400a7a4                SchM_Enter_Can_CAN_EXCLUSIVE_AREA_14
                0x3400a7d8                SchM_Exit_Can_CAN_EXCLUSIVE_AREA_14
                0x3400a808                SchM_Enter_Can_CAN_EXCLUSIVE_AREA_15
                0x3400a83c                SchM_Exit_Can_CAN_EXCLUSIVE_AREA_15
                0x3400a86c                SchM_Enter_Can_CAN_EXCLUSIVE_AREA_16
                0x3400a8a0                SchM_Exit_Can_CAN_EXCLUSIVE_AREA_16
                0x3400a8d0                SchM_Enter_Can_CAN_EXCLUSIVE_AREA_17
                0x3400a904                SchM_Exit_Can_CAN_EXCLUSIVE_AREA_17
                0x3400a934                SchM_Enter_Can_CAN_EXCLUSIVE_AREA_18
                0x3400a968                SchM_Exit_Can_CAN_EXCLUSIVE_AREA_18
                0x3400a998                SchM_Enter_Can_CAN_EXCLUSIVE_AREA_19
                0x3400a9cc                SchM_Exit_Can_CAN_EXCLUSIVE_AREA_19
                0x3400a9fc                SchM_Enter_Can_CAN_EXCLUSIVE_AREA_20
                0x3400aa30                SchM_Exit_Can_CAN_EXCLUSIVE_AREA_20
 .mcal_text     0x3400aa60       0xc8 ./RTD/src/SchM_Dio.o
                0x3400aa60                SchM_Enter_Dio_DIO_EXCLUSIVE_AREA_00
                0x3400aa94                SchM_Exit_Dio_DIO_EXCLUSIVE_AREA_00
                0x3400aac4                SchM_Enter_Dio_DIO_EXCLUSIVE_AREA_01
                0x3400aaf8                SchM_Exit_Dio_DIO_EXCLUSIVE_AREA_01
 .mcal_text     0x3400ab28     0x1450 ./RTD/src/SchM_Gpt.o
                0x3400ab28                SchM_Enter_Gpt_GPT_EXCLUSIVE_AREA_00
                0x3400ab5c                SchM_Exit_Gpt_GPT_EXCLUSIVE_AREA_00
                0x3400ab8c                SchM_Enter_Gpt_GPT_EXCLUSIVE_AREA_01
                0x3400abc0                SchM_Exit_Gpt_GPT_EXCLUSIVE_AREA_01
                0x3400abf0                SchM_Enter_Gpt_GPT_EXCLUSIVE_AREA_02
                0x3400ac24                SchM_Exit_Gpt_GPT_EXCLUSIVE_AREA_02
                0x3400ac54                SchM_Enter_Gpt_GPT_EXCLUSIVE_AREA_03
                0x3400ac88                SchM_Exit_Gpt_GPT_EXCLUSIVE_AREA_03
                0x3400acb8                SchM_Enter_Gpt_GPT_EXCLUSIVE_AREA_04
                0x3400acec                SchM_Exit_Gpt_GPT_EXCLUSIVE_AREA_04
                0x3400ad1c                SchM_Enter_Gpt_GPT_EXCLUSIVE_AREA_05
                0x3400ad50                SchM_Exit_Gpt_GPT_EXCLUSIVE_AREA_05
                0x3400ad80                SchM_Enter_Gpt_GPT_EXCLUSIVE_AREA_06
                0x3400adb4                SchM_Exit_Gpt_GPT_EXCLUSIVE_AREA_06
                0x3400ade4                SchM_Enter_Gpt_GPT_EXCLUSIVE_AREA_07
                0x3400ae18                SchM_Exit_Gpt_GPT_EXCLUSIVE_AREA_07
                0x3400ae48                SchM_Enter_Gpt_GPT_EXCLUSIVE_AREA_10
                0x3400ae7c                SchM_Exit_Gpt_GPT_EXCLUSIVE_AREA_10
                0x3400aeac                SchM_Enter_Gpt_GPT_EXCLUSIVE_AREA_11
                0x3400aee0                SchM_Exit_Gpt_GPT_EXCLUSIVE_AREA_11
                0x3400af10                SchM_Enter_Gpt_GPT_EXCLUSIVE_AREA_17
                0x3400af44                SchM_Exit_Gpt_GPT_EXCLUSIVE_AREA_17
                0x3400af74                SchM_Enter_Gpt_GPT_EXCLUSIVE_AREA_21
                0x3400afa8                SchM_Exit_Gpt_GPT_EXCLUSIVE_AREA_21
                0x3400afd8                SchM_Enter_Gpt_GPT_EXCLUSIVE_AREA_22
                0x3400b00c                SchM_Exit_Gpt_GPT_EXCLUSIVE_AREA_22
                0x3400b03c                SchM_Enter_Gpt_GPT_EXCLUSIVE_AREA_23
                0x3400b070                SchM_Exit_Gpt_GPT_EXCLUSIVE_AREA_23
                0x3400b0a0                SchM_Enter_Gpt_GPT_EXCLUSIVE_AREA_24
                0x3400b0d4                SchM_Exit_Gpt_GPT_EXCLUSIVE_AREA_24
                0x3400b104                SchM_Enter_Gpt_GPT_EXCLUSIVE_AREA_25
                0x3400b138                SchM_Exit_Gpt_GPT_EXCLUSIVE_AREA_25
                0x3400b168                SchM_Enter_Gpt_GPT_EXCLUSIVE_AREA_26
                0x3400b19c                SchM_Exit_Gpt_GPT_EXCLUSIVE_AREA_26
                0x3400b1cc                SchM_Enter_Gpt_GPT_EXCLUSIVE_AREA_29
                0x3400b200                SchM_Exit_Gpt_GPT_EXCLUSIVE_AREA_29
                0x3400b230                SchM_Enter_Gpt_GPT_EXCLUSIVE_AREA_30
                0x3400b264                SchM_Exit_Gpt_GPT_EXCLUSIVE_AREA_30
                0x3400b294                SchM_Enter_Gpt_GPT_EXCLUSIVE_AREA_31
                0x3400b2c8                SchM_Exit_Gpt_GPT_EXCLUSIVE_AREA_31
                0x3400b2f8                SchM_Enter_Gpt_GPT_EXCLUSIVE_AREA_35
                0x3400b32c                SchM_Exit_Gpt_GPT_EXCLUSIVE_AREA_35
                0x3400b35c                SchM_Enter_Gpt_GPT_EXCLUSIVE_AREA_36
                0x3400b390                SchM_Exit_Gpt_GPT_EXCLUSIVE_AREA_36
                0x3400b3c0                SchM_Enter_Gpt_GPT_EXCLUSIVE_AREA_38
                0x3400b3f4                SchM_Exit_Gpt_GPT_EXCLUSIVE_AREA_38
                0x3400b424                SchM_Enter_Gpt_GPT_EXCLUSIVE_AREA_39
                0x3400b458                SchM_Exit_Gpt_GPT_EXCLUSIVE_AREA_39
                0x3400b488                SchM_Enter_Gpt_GPT_EXCLUSIVE_AREA_40
                0x3400b4bc                SchM_Exit_Gpt_GPT_EXCLUSIVE_AREA_40
                0x3400b4ec                SchM_Enter_Gpt_GPT_EXCLUSIVE_AREA_41
                0x3400b520                SchM_Exit_Gpt_GPT_EXCLUSIVE_AREA_41
                0x3400b550                SchM_Enter_Gpt_GPT_EXCLUSIVE_AREA_42
                0x3400b584                SchM_Exit_Gpt_GPT_EXCLUSIVE_AREA_42
                0x3400b5b4                SchM_Enter_Gpt_GPT_EXCLUSIVE_AREA_43
                0x3400b5e8                SchM_Exit_Gpt_GPT_EXCLUSIVE_AREA_43
                0x3400b618                SchM_Enter_Gpt_GPT_EXCLUSIVE_AREA_44
                0x3400b64c                SchM_Exit_Gpt_GPT_EXCLUSIVE_AREA_44
                0x3400b67c                SchM_Enter_Gpt_GPT_EXCLUSIVE_AREA_45
                0x3400b6b0                SchM_Exit_Gpt_GPT_EXCLUSIVE_AREA_45
                0x3400b6e0                SchM_Enter_Gpt_GPT_EXCLUSIVE_AREA_46
                0x3400b714                SchM_Exit_Gpt_GPT_EXCLUSIVE_AREA_46
                0x3400b744                SchM_Enter_Gpt_GPT_EXCLUSIVE_AREA_50
                0x3400b778                SchM_Exit_Gpt_GPT_EXCLUSIVE_AREA_50
                0x3400b7a8                SchM_Enter_Gpt_GPT_EXCLUSIVE_AREA_51
                0x3400b7dc                SchM_Exit_Gpt_GPT_EXCLUSIVE_AREA_51
                0x3400b80c                SchM_Enter_Gpt_GPT_EXCLUSIVE_AREA_52
                0x3400b840                SchM_Exit_Gpt_GPT_EXCLUSIVE_AREA_52
                0x3400b870                SchM_Enter_Gpt_GPT_EXCLUSIVE_AREA_53
                0x3400b8a4                SchM_Exit_Gpt_GPT_EXCLUSIVE_AREA_53
                0x3400b8d4                SchM_Enter_Gpt_GPT_EXCLUSIVE_AREA_54
                0x3400b908                SchM_Exit_Gpt_GPT_EXCLUSIVE_AREA_54
                0x3400b938                SchM_Enter_Gpt_GPT_EXCLUSIVE_AREA_55
                0x3400b96c                SchM_Exit_Gpt_GPT_EXCLUSIVE_AREA_55
                0x3400b99c                SchM_Enter_Gpt_GPT_EXCLUSIVE_AREA_56
                0x3400b9d0                SchM_Exit_Gpt_GPT_EXCLUSIVE_AREA_56
                0x3400ba00                SchM_Enter_Gpt_GPT_EXCLUSIVE_AREA_60
                0x3400ba34                SchM_Exit_Gpt_GPT_EXCLUSIVE_AREA_60
                0x3400ba64                SchM_Enter_Gpt_GPT_EXCLUSIVE_AREA_61
                0x3400ba98                SchM_Exit_Gpt_GPT_EXCLUSIVE_AREA_61
                0x3400bac8                SchM_Enter_Gpt_GPT_EXCLUSIVE_AREA_62
                0x3400bafc                SchM_Exit_Gpt_GPT_EXCLUSIVE_AREA_62
                0x3400bb2c                SchM_Enter_Gpt_GPT_EXCLUSIVE_AREA_63
                0x3400bb60                SchM_Exit_Gpt_GPT_EXCLUSIVE_AREA_63
                0x3400bb90                SchM_Enter_Gpt_GPT_EXCLUSIVE_AREA_64
                0x3400bbc4                SchM_Exit_Gpt_GPT_EXCLUSIVE_AREA_64
                0x3400bbf4                SchM_Enter_Gpt_GPT_EXCLUSIVE_AREA_65
                0x3400bc28                SchM_Exit_Gpt_GPT_EXCLUSIVE_AREA_65
                0x3400bc58                SchM_Enter_Gpt_GPT_EXCLUSIVE_AREA_66
                0x3400bc8c                SchM_Exit_Gpt_GPT_EXCLUSIVE_AREA_66
                0x3400bcbc                SchM_Enter_Gpt_GPT_EXCLUSIVE_AREA_67
                0x3400bcf0                SchM_Exit_Gpt_GPT_EXCLUSIVE_AREA_67
                0x3400bd20                SchM_Enter_Gpt_GPT_EXCLUSIVE_AREA_68
                0x3400bd54                SchM_Exit_Gpt_GPT_EXCLUSIVE_AREA_68
                0x3400bd84                SchM_Enter_Gpt_GPT_EXCLUSIVE_AREA_69
                0x3400bdb8                SchM_Exit_Gpt_GPT_EXCLUSIVE_AREA_69
                0x3400bde8                SchM_Enter_Gpt_GPT_EXCLUSIVE_AREA_70
                0x3400be1c                SchM_Exit_Gpt_GPT_EXCLUSIVE_AREA_70
                0x3400be4c                SchM_Enter_Gpt_GPT_EXCLUSIVE_AREA_71
                0x3400be80                SchM_Exit_Gpt_GPT_EXCLUSIVE_AREA_71
                0x3400beb0                SchM_Enter_Gpt_GPT_EXCLUSIVE_AREA_72
                0x3400bee4                SchM_Exit_Gpt_GPT_EXCLUSIVE_AREA_72
                0x3400bf14                SchM_Enter_Gpt_GPT_EXCLUSIVE_AREA_73
                0x3400bf48                SchM_Exit_Gpt_GPT_EXCLUSIVE_AREA_73
 .mcal_text     0x3400bf78      0x12c ./RTD/src/SchM_Mcu.o
                0x3400bf78                SchM_Enter_Mcu_MCU_EXCLUSIVE_AREA_00
                0x3400bfac                SchM_Exit_Mcu_MCU_EXCLUSIVE_AREA_00
                0x3400bfdc                SchM_Enter_Mcu_MCU_EXCLUSIVE_AREA_01
                0x3400c010                SchM_Exit_Mcu_MCU_EXCLUSIVE_AREA_01
                0x3400c040                SchM_Enter_Mcu_MCU_EXCLUSIVE_AREA_02
                0x3400c074                SchM_Exit_Mcu_MCU_EXCLUSIVE_AREA_02
 .mcal_text     0x3400c0a4      0xaf0 ./RTD/src/SchM_Port.o
                0x3400c0a4                SchM_Enter_Port_PORT_EXCLUSIVE_AREA_00
                0x3400c0d8                SchM_Exit_Port_PORT_EXCLUSIVE_AREA_00
                0x3400c108                SchM_Enter_Port_PORT_EXCLUSIVE_AREA_01
                0x3400c13c                SchM_Exit_Port_PORT_EXCLUSIVE_AREA_01
                0x3400c16c                SchM_Enter_Port_PORT_EXCLUSIVE_AREA_02
                0x3400c1a0                SchM_Exit_Port_PORT_EXCLUSIVE_AREA_02
                0x3400c1d0                SchM_Enter_Port_PORT_EXCLUSIVE_AREA_03
                0x3400c204                SchM_Exit_Port_PORT_EXCLUSIVE_AREA_03
                0x3400c234                SchM_Enter_Port_PORT_EXCLUSIVE_AREA_04
                0x3400c268                SchM_Exit_Port_PORT_EXCLUSIVE_AREA_04
                0x3400c298                SchM_Enter_Port_PORT_EXCLUSIVE_AREA_05
                0x3400c2cc                SchM_Exit_Port_PORT_EXCLUSIVE_AREA_05
                0x3400c2fc                SchM_Enter_Port_PORT_EXCLUSIVE_AREA_06
                0x3400c330                SchM_Exit_Port_PORT_EXCLUSIVE_AREA_06
                0x3400c360                SchM_Enter_Port_PORT_EXCLUSIVE_AREA_07
                0x3400c394                SchM_Exit_Port_PORT_EXCLUSIVE_AREA_07
                0x3400c3c4                SchM_Enter_Port_PORT_EXCLUSIVE_AREA_08
                0x3400c3f8                SchM_Exit_Port_PORT_EXCLUSIVE_AREA_08
                0x3400c428                SchM_Enter_Port_PORT_EXCLUSIVE_AREA_09
                0x3400c45c                SchM_Exit_Port_PORT_EXCLUSIVE_AREA_09
                0x3400c48c                SchM_Enter_Port_PORT_EXCLUSIVE_AREA_10
                0x3400c4c0                SchM_Exit_Port_PORT_EXCLUSIVE_AREA_10
                0x3400c4f0                SchM_Enter_Port_PORT_EXCLUSIVE_AREA_11
                0x3400c524                SchM_Exit_Port_PORT_EXCLUSIVE_AREA_11
                0x3400c554                SchM_Enter_Port_PORT_EXCLUSIVE_AREA_12
                0x3400c588                SchM_Exit_Port_PORT_EXCLUSIVE_AREA_12
                0x3400c5b8                SchM_Enter_Port_PORT_EXCLUSIVE_AREA_13
                0x3400c5ec                SchM_Exit_Port_PORT_EXCLUSIVE_AREA_13
                0x3400c61c                SchM_Enter_Port_PORT_EXCLUSIVE_AREA_14
                0x3400c650                SchM_Exit_Port_PORT_EXCLUSIVE_AREA_14
                0x3400c680                SchM_Enter_Port_PORT_EXCLUSIVE_AREA_15
                0x3400c6b4                SchM_Exit_Port_PORT_EXCLUSIVE_AREA_15
                0x3400c6e4                SchM_Enter_Port_PORT_EXCLUSIVE_AREA_16
                0x3400c718                SchM_Exit_Port_PORT_EXCLUSIVE_AREA_16
                0x3400c748                SchM_Enter_Port_PORT_EXCLUSIVE_AREA_17
                0x3400c77c                SchM_Exit_Port_PORT_EXCLUSIVE_AREA_17
                0x3400c7ac                SchM_Enter_Port_PORT_EXCLUSIVE_AREA_18
                0x3400c7e0                SchM_Exit_Port_PORT_EXCLUSIVE_AREA_18
                0x3400c810                SchM_Enter_Port_PORT_EXCLUSIVE_AREA_19
                0x3400c844                SchM_Exit_Port_PORT_EXCLUSIVE_AREA_19
                0x3400c874                SchM_Enter_Port_PORT_EXCLUSIVE_AREA_20
                0x3400c8a8                SchM_Exit_Port_PORT_EXCLUSIVE_AREA_20
                0x3400c8d8                SchM_Enter_Port_PORT_EXCLUSIVE_AREA_21
                0x3400c90c                SchM_Exit_Port_PORT_EXCLUSIVE_AREA_21
                0x3400c93c                SchM_Enter_Port_PORT_EXCLUSIVE_AREA_22
                0x3400c970                SchM_Exit_Port_PORT_EXCLUSIVE_AREA_22
                0x3400c9a0                SchM_Enter_Port_PORT_EXCLUSIVE_AREA_23
                0x3400c9d4                SchM_Exit_Port_PORT_EXCLUSIVE_AREA_23
                0x3400ca04                SchM_Enter_Port_PORT_EXCLUSIVE_AREA_24
                0x3400ca38                SchM_Exit_Port_PORT_EXCLUSIVE_AREA_24
                0x3400ca68                SchM_Enter_Port_PORT_EXCLUSIVE_AREA_25
                0x3400ca9c                SchM_Exit_Port_PORT_EXCLUSIVE_AREA_25
                0x3400cacc                SchM_Enter_Port_PORT_EXCLUSIVE_AREA_26
                0x3400cb00                SchM_Exit_Port_PORT_EXCLUSIVE_AREA_26
                0x3400cb30                SchM_Enter_Port_PORT_EXCLUSIVE_AREA_27
                0x3400cb64                SchM_Exit_Port_PORT_EXCLUSIVE_AREA_27
 .mcal_text     0x3400cb94       0xfc ./RTD/src/Siul2_Dio_Ip.o
                0x3400cbca                Siul2_Dio_Ip_WritePin
                0x3400cbf8                Siul2_Dio_Ip_WritePins
                0x3400cc06                Siul2_Dio_Ip_GetPinsOutput
                0x3400cc0a                Siul2_Dio_Ip_SetPins
                0x3400cc1e                Siul2_Dio_Ip_ClearPins
                0x3400cc32                Siul2_Dio_Ip_TogglePins
                0x3400cc46                Siul2_Dio_Ip_ReadPins
                0x3400cc4c                Siul2_Dio_Ip_ReadPin
                0x3400cc64                Siul2_Dio_Ip_MaskedWritePins
 .mcal_text     0x3400cc90      0x35c ./RTD/src/Siul2_Port_Ip.o
                0x3400cd64                Siul2_Port_Ip_Init
                0x3400cd90                Siul2_Port_Ip_SetPullSel
                0x3400cdd2                Siul2_Port_Ip_SetOutputBuffer
                0x3400ce22                Siul2_Port_Ip_SetInputBuffer
                0x3400ce86                Siul2_Port_Ip_SetPinDirection
                0x3400cee8                Siul2_Port_Ip_RevertPinConfiguration
                0x3400cf44                Siul2_Port_Ip_GetPinConfiguration
 .mcal_text     0x3400cfec       0x74 ./RTD/src/System_Ip.o
                0x3400cfec                System_Ip_SetAhbSlavePriorityPrivileged
                0x3400d004                System_Ip_ConfigIrqPrivileged
                0x3400d028                System_Ip_ClearWriteAbortFlagPrivileged
                0x3400d034                System_Ip_GetPlatformRevisionPrivileged
                0x3400d040                System_Ip_SetAhbSlavePriority
                0x3400d044                System_Ip_ConfigIrq
                0x3400d048                System_Ip_ClearWriteAbortFlag
                0x3400d054                System_Ip_GetPlatformRevision
                0x3400d060                . = ALIGN (0x4)
 *(.init)
                0x3400d060                . = ALIGN (0x4)
 *(.fini)
                0x3400d060                . = ALIGN (0x4)
 *(.rodata)
 .rodata        0x3400d060       0x60 ./Project_Settings/Startup_Code/system.o
 .rodata        0x3400d0c0       0x48 ./RTD/src/FlexCAN_Ip_HwAccess.o
 .rodata        0x3400d108       0x2d ./RTD/src/Gmac_Ip.o
 .rodata        0x3400d135       0x14 ./board/dcd_config.o
                0x3400d135                dcd_commands
 .rodata        0x3400d149      0x100 ./board/ivt_config.o
                0x3400d149                ivt_binary
 .rodata        0x3400d249      0x200 ./board/quadspi_config.o
                0x3400d249                quadspi_binary
 .rodata        0x3400d449       0x1a ./src/main.o
                0x3400d44f                Slave_PortNum
                0x3400d451                Master_PortNum
                0x3400d453                Slave_ClockID
                0x3400d45b                Master_ClockID
 *(.rodata*)
 .rodata.str1.1
                0x3400d463       0x12 ./src/main.o
                0x3400d478                . = ALIGN (0x4)
 *fill*         0x3400d475        0x3 
 *(.mcal_const_cfg)
 .mcal_const_cfg
                0x3400d478      0x79c ./generate/src/Clock_Ip_PBcfg.o
                0x3400d478                Mcu_aClockConfigPB
 .mcal_const_cfg
                0x3400dc14       0x10 ./generate/src/Dio_Cfg.o
                0x3400dc14                Dio_Config
 .mcal_const_cfg
                0x3400dc24        0x4 ./generate/src/Eth_Ipw_PBcfg.o
                0x3400dc24                Eth_Ipw_aCtrlConfigPB
 .mcal_const_cfg
                0x3400dc28       0x38 ./generate/src/Eth_PBcfg.o
                0x3400dc28                Eth_xPredefinedConfig
 .mcal_const_cfg
                0x3400dc60       0x6c ./generate/src/FlexCAN_Ip_Sa_PBcfg.o
                0x3400dc60                FlexCAN_Config0
 .mcal_const_cfg
                0x3400dccc       0xb6 ./generate/src/Gmac_Ip_PBcfg.o
                0x3400dccc                Gmac_aCtrlConfigPB
 *fill*         0x3400dd82        0x2 
 .mcal_const_cfg
                0x3400dd84       0x28 ./generate/src/Gpt_PBcfg.o
                0x3400dd84                Gpt_Config
 .mcal_const_cfg
                0x3400ddac      0x92c ./generate/src/IntCtrl_Ip_Cfg.o
                0x3400ddac                intCtrlConfig
 .mcal_const_cfg
                0x3400e6d8       0x1c ./generate/src/Mcu_PBcfg.o
                0x3400e6d8                Mcu_PreCompileConfig
 .mcal_const_cfg
                0x3400e6f4        0xc ./generate/src/OsIf_Cfg.o
                0x3400e6f4                OsIf_apxPredefinedConfig
 .mcal_const_cfg
                0x3400e700       0x12 ./generate/src/Pit_Ip_PBcfg.o
                0x3400e700                PIT_0_ChannelConfig_PB
                0x3400e710                PIT_0_InitConfig_PB
 *fill*         0x3400e712        0x2 
 .mcal_const_cfg
                0x3400e714        0x8 ./generate/src/Platform_Cfg.o
                0x3400e714                Platform_Config
 .mcal_const_cfg
                0x3400e71c        0x8 ./generate/src/Platform_Ipw_Cfg.o
                0x3400e71c                ipwConfig
 .mcal_const_cfg
                0x3400e724      0x695 ./generate/src/Port_PBcfg.o
                0x3400e724                Port_Config
                0x3400edb8                au8Port_PartitionList
 *fill*         0x3400edb9        0x3 
 .mcal_const_cfg
                0x3400edbc      0x248 ./generate/src/Power_Ip_PBcfg.o
                0x3400edbc                Power_Ip_HwIPsConfigPB
                0x3400edd4                Power_Ip_aModeConfigPB
 .mcal_const_cfg
                0x3400f004      0x750 ./generate/src/Siul2_Port_Ip_PBcfg.o
                0x3400f004                g_pin_mux_InitConfigArr
                0x3400f754                . = ALIGN (0x4)
 *(.mcal_const)
 .mcal_const    0x3400f754     0x12fe ./RTD/src/Clock_Ip_Data2.o
                0x3400f754                Clock_Ip_axGateInfo
                0x3400f784                Clock_Ip_axFeatureExtensions
                0x3400f974                Clock_Ip_aeHwDfsName
                0x3400f9a4                Clock_Ip_aeHwPllName
                0x3400f9b4                Clock_Ip_aeSourceTypeClockName
                0x3400fae4                Clock_Ip_apxMcMeTriggerPartitions
                0x3400faf4                Clock_Ip_apxMcMeGetPartitions
                0x3400fb04                Clock_Ip_apxMcMeSetPartitions
                0x3400fb14                Clock_Ip_axCmuInfo
                0x3400fe54                Clock_Ip_aeCmuNames
                0x3400fec4                Clock_Ip_apxCmu
                0x3400ff34                Clock_Ip_apxDfs
                0x3400ff3c                Clock_Ip_pxPll
                0x3400ff4c                Clock_Ip_apxXosc
                0x3400ff50                Clock_Ip_apxCgmPcfs
                0x3400ff6c                Clock_Ip_apxCgm
                0x34010148                Clock_Ip_au16SelectorEntryRtcHardwareValue
                0x340101de                Clock_Ip_au16SelectorEntryHardwareValue
                0x3401034e                Clock_Ip_au8ClockFeatures
                0x340109c6                Clock_Ip_au8CmuCallbackIndex
                0x340109d4                Clock_Ip_au8PcfsCallbackIndex
                0x340109e2                Clock_Ip_au8SelectorCallbackIndex
                0x340109f0                Clock_Ip_au8PllCallbackIndex
                0x340109fe                Clock_Ip_au8FractionalDividerCallbackIndex
                0x34010a0c                Clock_Ip_au8GateCallbackIndex
                0x34010a1a                Clock_Ip_au8IrcoscCallbackIndex
                0x34010a28                Clock_Ip_au8XoscCallbackIndex
                0x34010a36                Clock_Ip_au8DividerTriggerCallbackIndex
                0x34010a44                Clock_Ip_au8DividerCallbackIndex
 *fill*         0x34010a52        0x2 
 .mcal_const    0x34010a54       0x10 ./RTD/src/Clock_Ip_Divider.o
                0x34010a54                Clock_Ip_axDividerCallbacks
 .mcal_const    0x34010a64       0x10 ./RTD/src/Clock_Ip_DividerTrigger.o
                0x34010a64                Clock_Ip_axDividerTriggerCallbacks
 .mcal_const    0x34010a74       0x28 ./RTD/src/Clock_Ip_ExtOsc.o
                0x34010a74                Clock_Ip_axExtOscCallbacks
 .mcal_const    0x34010a9c       0x18 ./RTD/src/Clock_Ip_FracDiv.o
                0x34010a9c                Clock_Ip_axFracDivCallbacks
 .mcal_const    0x34010ab4       0x10 ./RTD/src/Clock_Ip_Gate.o
                0x34010ab4                Clock_Ip_axGateCallbacks
 .mcal_const    0x34010ac4        0xc ./RTD/src/Clock_Ip_IntOsc.o
                0x34010ac4                Clock_Ip_axIntOscCallbacks
 .mcal_const    0x34010ad0       0x20 ./RTD/src/Clock_Ip_Monitor.o
                0x34010ad0                Clock_Ip_axCmuCallbacks
 .mcal_const    0x34010af0       0x3c ./RTD/src/Clock_Ip_Pll.o
                0x34010af0                Clock_Ip_axPllCallbacks
 .mcal_const    0x34010b2c        0x8 ./RTD/src/Clock_Ip_ProgFreqSwitch.o
                0x34010b2c                Clock_Ip_axPcfsCallbacks
 .mcal_const    0x34010b34       0x30 ./RTD/src/Clock_Ip_Selector.o
                0x34010b34                Clock_Ip_axSelectorCallbacks
 .mcal_const    0x34010b64       0x10 ./RTD/src/FlexCAN_Ip.o
 .mcal_const    0x34010b74       0x2c ./RTD/src/Gmac_Ip_Hw_Access.o
                0x34010b74                Gmac_apxChBases
                0x34010b88                Gmac_apxQueueBases
                0x34010b9c                Gmac_apxBases
 .mcal_const    0x34010ba0       0xa9 ./RTD/src/IntCtrl_Ip.o
 *fill*         0x34010c49        0x3 
 .mcal_const    0x34010c4c        0x8 ./RTD/src/Pit_Ip.o
                0x34010c4c                pitBase
 .mcal_const    0x34010c54        0x8 ./RTD/src/Siul2_Port_Ip.o
                0x34010c54                Port_au32Siul2BaseAddr
 .mcal_const    0x34010c5c      0x36a ./generate/src/Dio_Cfg.o
                0x34010c5c                Dio_aAvailablePinsForRead
                0x34010c74                Dio_aAvailablePinsForWrite
                0x34010c8c                Dio_au32PortToPartitionMap
                0x34010cbc                Dio_au32ChannelToPartitionMap
                0x34010fb8                Dio_au8Port0OffsetInSiul2Instance
                0x34010fba                Dio_au8PortSiul2Instance
 .mcal_const    0x34010fc6        0x1 ./generate/src/Gpt_PBcfg.o
 *fill*         0x34010fc7        0x1 
 .mcal_const    0x34010fc8     0x1396 ./generate/src/Port_Cfg.o
                0x34010fc8                Port_apInoutMuxSettings
                0x34010fd0                Port_apInMuxSettingsIndex
                0x34010fd8                Port_apInMuxSettings
                0x34010fe0                Port_apSiul2InstancePinModeAvailability
                0x34010fe8                Port_au16NumInoutMuxSettings
                0x34012360                . = ALIGN (0x4)
 *fill*         0x3401235e        0x2 
                0x34012360                __init_table = .
 *(.init_table)
 .init_table    0x34012360       0x40 ./Project_Settings/Startup_Code/startup_cm7.o
                0x340123a0                . = ALIGN (0x4)
                0x340123a0                __zero_table = .
 *(.zero_table)
 .zero_table    0x340123a0       0x1c ./Project_Settings/Startup_Code/startup_cm7.o
                0x340123bc                . = ALIGN (0x4)
 *(.acfls_code_rom)
                0x340123bc                . = ALIGN (0x4)
 *(.aceep_code_rom)
                0x340123bc                . = ALIGN (0x4)
 *(.acmcu_code_rom)
                0x340123bc                . = ALIGN (0x4)
 *(.ramcode)
                0x340123bc                . = ALIGN (0x4)
 *(.data)
 .data          0x340123bc        0x0 ./Project_Settings/Startup_Code/Vector_Table.o
 .data          0x340123bc        0x0 ./Project_Settings/Startup_Code/exceptions.o
 .data          0x340123bc        0x0 ./Project_Settings/Startup_Code/nvic.o
 .data          0x340123bc        0x0 ./Project_Settings/Startup_Code/startup.o
 .data          0x340123bc        0x0 ./Project_Settings/Startup_Code/startup_cm7.o
 .data          0x340123bc        0x0 ./Project_Settings/Startup_Code/system.o
 .data          0x340123bc        0x0 ./RTD/src/Clock_Ip.o
 .data          0x340123bc        0x0 ./RTD/src/Clock_Ip_Data.o
 .data          0x340123bc        0x0 ./RTD/src/Clock_Ip_Data1.o
 .data          0x340123bc        0x0 ./RTD/src/Clock_Ip_Data2.o
 .data          0x340123bc        0x0 ./RTD/src/Clock_Ip_Divider.o
 .data          0x340123bc        0x0 ./RTD/src/Clock_Ip_DividerTrigger.o
 .data          0x340123bc        0x0 ./RTD/src/Clock_Ip_ExtOsc.o
 .data          0x340123bc        0x0 ./RTD/src/Clock_Ip_FracDiv.o
 .data          0x340123bc        0x0 ./RTD/src/Clock_Ip_Frequency.o
 .data          0x340123bc        0x0 ./RTD/src/Clock_Ip_Frequency1.o
 .data          0x340123bc        0x0 ./RTD/src/Clock_Ip_Frequency2.o
 .data          0x340123bc        0x0 ./RTD/src/Clock_Ip_Gate.o
 .data          0x340123bc        0x0 ./RTD/src/Clock_Ip_IntOsc.o
 .data          0x340123bc        0x0 ./RTD/src/Clock_Ip_Irq.o
 .data          0x340123bc        0x0 ./RTD/src/Clock_Ip_Monitor.o
 .data          0x340123bc        0x0 ./RTD/src/Clock_Ip_Pll.o
 .data          0x340123bc        0x0 ./RTD/src/Clock_Ip_ProgFreqSwitch.o
 .data          0x340123bc        0x0 ./RTD/src/Clock_Ip_Selector.o
 .data          0x340123bc        0x0 ./RTD/src/Clock_Ip_Specific.o
 .data          0x340123bc        0x0 ./RTD/src/Clock_Ip_Specific1.o
 .data          0x340123bc        0x0 ./RTD/src/Clock_Ip_Specific2.o
 .data          0x340123bc        0x0 ./RTD/src/Det.o
 .data          0x340123bc        0x0 ./RTD/src/Det_stub.o
 .data          0x340123bc        0x0 ./RTD/src/Dio.o
 .data          0x340123bc        0x0 ./RTD/src/Dio_Ipw.o
 .data          0x340123bc        0x0 ./RTD/src/Eth.o
 .data          0x340123bc        0x0 ./RTD/src/EthIf_Cbk.o
 .data          0x340123bc        0x0 ./RTD/src/EthSwt.o
 .data          0x340123bc        0x0 ./RTD/src/EthTrcv.o
 .data          0x340123bc        0x0 ./RTD/src/Eth_Ipw.o
 .data          0x340123bc        0x0 ./RTD/src/Eth_Irq.o
 .data          0x340123bc        0x0 ./RTD/src/FlexCAN_Ip.o
 .data          0x340123bc        0x0 ./RTD/src/FlexCAN_Ip_HwAccess.o
 .data          0x340123bc        0x0 ./RTD/src/FlexCAN_Ip_Irq.o
 .data          0x340123bc        0x0 ./RTD/src/Ftm_Gpt_Ip.o
 .data          0x340123bc        0x0 ./RTD/src/Gmac_Ip.o
 .data          0x340123bc        0x0 ./RTD/src/Gmac_Ip_Hw_Access.o
 .data          0x340123bc        0x0 ./RTD/src/Gmac_Ip_Irq.o
 .data          0x340123bc        0x0 ./RTD/src/Gpt.o
 .data          0x340123bc        0x0 ./RTD/src/Gpt_Ipw.o
 .data          0x340123bc        0x0 ./RTD/src/IntCtrl_Ip.o
 .data          0x340123bc        0x0 ./RTD/src/Mcu.o
 .data          0x340123bc        0x0 ./RTD/src/Mcu_Dem_Wrapper.o
 .data          0x340123bc        0x0 ./RTD/src/Mcu_Ipw.o
 .data          0x340123bc        0x0 ./RTD/src/OsIf_Interrupts.o
 .data          0x340123bc        0x0 ./RTD/src/OsIf_Timer.o
 .data          0x340123bc        0x0 ./RTD/src/OsIf_Timer_System.o
 .data          0x340123bc        0x0 ./RTD/src/OsIf_Timer_System_Internal_GenericTimer.o
 .data          0x340123bc        0x0 ./RTD/src/OsIf_Timer_System_Internal_Systick.o
 .data          0x340123bc        0x0 ./RTD/src/Pit_Ip.o
 .data          0x340123bc        0x0 ./RTD/src/Platform.o
 .data          0x340123bc        0x0 ./RTD/src/Platform_Ipw.o
 .data          0x340123bc        0x0 ./RTD/src/Port.o
 .data          0x340123bc        0x0 ./RTD/src/Port_Ipw.o
 .data          0x340123bc        0x0 ./RTD/src/Power_Ip.o
 .data          0x340123bc        0x0 ./RTD/src/Power_Ip_CortexA.o
 .data          0x340123bc        0x0 ./RTD/src/Power_Ip_CortexM7.o
 .data          0x340123bc        0x0 ./RTD/src/Power_Ip_MC_ME.o
 .data          0x340123bc        0x0 ./RTD/src/Power_Ip_MC_RGM.o
 .data          0x340123bc        0x0 ./RTD/src/Power_Ip_MC_RGM_Irq.o
 .data          0x340123bc        0x0 ./RTD/src/Power_Ip_MSCM.o
 .data          0x340123bc        0x0 ./RTD/src/Power_Ip_PMC.o
 .data          0x340123bc        0x0 ./RTD/src/Power_Ip_Private.o
 .data          0x340123bc        0x0 ./RTD/src/Ram_Ip.o
 .data          0x340123bc        0x0 ./RTD/src/Rtc_Ip.o
 .data          0x340123bc        0x0 ./RTD/src/SchM_Can.o
 .data          0x340123bc        0x0 ./RTD/src/SchM_Dio.o
 .data          0x340123bc        0x0 ./RTD/src/SchM_Eth.o
 .data          0x340123bc        0x0 ./RTD/src/SchM_Gpt.o
 .data          0x340123bc        0x0 ./RTD/src/SchM_Mcu.o
 .data          0x340123bc        0x0 ./RTD/src/SchM_Port.o
 .data          0x340123bc        0x0 ./RTD/src/Siul2_Dio_Ip.o
 .data          0x340123bc        0x0 ./RTD/src/Siul2_Port_Ip.o
 .data          0x340123bc        0x0 ./RTD/src/Stm_Ip.o
 .data          0x340123bc        0x0 ./RTD/src/System_Ip.o
 .data          0x340123bc        0x0 ./board/Siul2_Port_Ip_Cfg.o
 .data          0x340123bc        0x0 ./board/dcd_config.o
 .data          0x340123bc        0x0 ./board/ivt_config.o
 .data          0x340123bc        0x0 ./board/quadspi_config.o
 .data          0x340123bc        0x0 ./generate/src/Clock_Ip_Cfg.o
 .data          0x340123bc        0x0 ./generate/src/Clock_Ip_PBcfg.o
 .data          0x340123bc        0x0 ./generate/src/Dio_Cfg.o
 .data          0x340123bc        0x0 ./generate/src/Eth_Ipw_PBcfg.o
 .data          0x340123bc        0x0 ./generate/src/Eth_PBcfg.o
 .data          0x340123bc        0x0 ./generate/src/FlexCAN_Ip_Sa_PBcfg.o
 .data          0x340123bc        0x0 ./generate/src/Ftm_Gpt_Ip_PBcfg.o
 .data          0x340123bc        0x0 ./generate/src/Gmac_Ip_Cfg.o
 .data          0x340123bc        0x0 ./generate/src/Gmac_Ip_PBcfg.o
 .data          0x340123bc        0x0 ./generate/src/Gpt_Cfg.o
 .data          0x340123bc       0x2c ./generate/src/Gpt_Ipw_PBcfg.o
                0x340123bc                Gpt_Ipw_ChannelConfig_PB
                0x340123d4                Gpt_Ipw_HwInstanceConfig_PB
 .data          0x340123e8        0x0 ./generate/src/Gpt_PBcfg.o
 .data          0x340123e8        0x0 ./generate/src/IntCtrl_Ip_Cfg.o
 .data          0x340123e8        0x0 ./generate/src/Mcu_Cfg.o
 .data          0x340123e8        0x0 ./generate/src/Mcu_PBcfg.o
 .data          0x340123e8        0x0 ./generate/src/OsIf_Cfg.o
 .data          0x340123e8        0x0 ./generate/src/Pit_Ip_PBcfg.o
 .data          0x340123e8        0x0 ./generate/src/Platform_Cfg.o
 .data          0x340123e8        0x0 ./generate/src/Platform_Ipw_Cfg.o
 .data          0x340123e8        0x0 ./generate/src/Port_Cfg.o
 .data          0x340123e8        0x0 ./generate/src/Port_PBcfg.o
 .data          0x340123e8        0x0 ./generate/src/Power_Ip_Cfg.o
 .data          0x340123e8        0x0 ./generate/src/Power_Ip_PBcfg.o
 .data          0x340123e8        0x0 ./generate/src/Ram_Ip_Cfg.o
 .data          0x340123e8        0x0 ./generate/src/Ram_Ip_PBcfg.o
 .data          0x340123e8        0x0 ./generate/src/Rtc_Ip_PBcfg.o
 .data          0x340123e8        0x0 ./generate/src/Siul2_Port_Ip_PBcfg.o
 .data          0x340123e8        0x0 ./generate/src/Stm_Ip_PBcfg.o
 .data          0x340123e8        0x4 ./src/Process_Queue.o
                0x340123e8                time_offset2
 .data          0x340123ec       0x48 ./src/main.o
                0x340123ec                sig_toggle
                0x340123f0                tx_info
                0x34012400                sig_toggle2
                0x34012404                measage
                0x34012408                Pass
                0x34012409                Gmac_0_MacAddr
                0x34012410                PayloadLength
                0x34012412                gmac_0_vlanRxFilterConfig
                0x34012418                gmac_0_vlanConfig
                0x3401242c                PTP_VLAN_TYPE
                0x3401242e                PTP_Des_MAC
 .data          0x34012434        0x0 c:/nxp/s32ds.3.5/s32ds/build_tools/gcc_v9.2/gcc-9.2-arm32-eabi/bin/../lib/gcc/arm-none-eabi/9.2.0/thumb/v7e-m+fp/hard\libgcc.a(_arm_muldf3.o)
 .data          0x34012434        0x0 c:/nxp/s32ds.3.5/s32ds/build_tools/gcc_v9.2/gcc-9.2-arm32-eabi/bin/../lib/gcc/arm-none-eabi/9.2.0/thumb/v7e-m+fp/hard\libgcc.a(_arm_addsubdf3.o)
 .data          0x34012434        0x0 c:/nxp/s32ds.3.5/s32ds/build_tools/gcc_v9.2/gcc-9.2-arm32-eabi/bin/../lib/gcc/arm-none-eabi/9.2.0/thumb/v7e-m+fp/hard\libgcc.a(_arm_muldivdf3.o)
 .data          0x34012434        0x0 c:/nxp/s32ds.3.5/s32ds/build_tools/gcc_v9.2/gcc-9.2-arm32-eabi/bin/../lib/gcc/arm-none-eabi/9.2.0/thumb/v7e-m+fp/hard\libgcc.a(_arm_fixunsdfsi.o)
 .data          0x34012434        0x0 c:/nxp/s32ds.3.5/s32ds/build_tools/gcc_v9.2/gcc-9.2-arm32-eabi/bin/../lib/gcc/arm-none-eabi/9.2.0/thumb/v7e-m+fp/hard\libgcc.a(_aeabi_uldivmod.o)
 .data          0x34012434        0x0 c:/nxp/s32ds.3.5/s32ds/build_tools/gcc_v9.2/gcc-9.2-arm32-eabi/bin/../lib/gcc/arm-none-eabi/9.2.0/thumb/v7e-m+fp/hard\libgcc.a(_udivmoddi4.o)
 .data          0x34012434        0x0 c:/nxp/s32ds.3.5/s32ds/build_tools/gcc_v9.2/gcc-9.2-arm32-eabi/bin/../lib/gcc/arm-none-eabi/9.2.0/thumb/v7e-m+fp/hard\libgcc.a(_dvmd_tls.o)
 *(.data*)
                0x34012434                . = ALIGN (0x4)
 *(.mcal_data)
 .mcal_data     0x34012434        0x4 ./RTD/src/Clock_Ip.o
 .mcal_data     0x34012438        0x4 ./RTD/src/Power_Ip.o
                0x34012438                Power_Ip_pfReportErrorsCallback
 .mcal_data     0x3401243c        0x8 ./RTD/src/Siul2_Dio_Ip.o
                0x3401243c                Siul2_Dio_Ip_au32BaseAdresses
                0x34012450                . = ALIGN (0x10)
 *fill*         0x34012444        0xc 
                0x34012450                __sram_bss_start = .
 *(.bss)
 .bss           0x34012450        0x0 ./Project_Settings/Startup_Code/Vector_Table.o
 .bss           0x34012450        0x0 ./Project_Settings/Startup_Code/exceptions.o
 .bss           0x34012450        0x0 ./Project_Settings/Startup_Code/nvic.o
 .bss           0x34012450        0x0 ./Project_Settings/Startup_Code/startup.o
 .bss           0x34012450        0x0 ./Project_Settings/Startup_Code/startup_cm7.o
 .bss           0x34012450        0x0 ./Project_Settings/Startup_Code/system.o
 .bss           0x34012450        0x0 ./RTD/src/Clock_Ip.o
 .bss           0x34012450        0x0 ./RTD/src/Clock_Ip_Data.o
 .bss           0x34012450        0x0 ./RTD/src/Clock_Ip_Data1.o
 .bss           0x34012450        0x0 ./RTD/src/Clock_Ip_Data2.o
 .bss           0x34012450        0x0 ./RTD/src/Clock_Ip_Divider.o
 .bss           0x34012450        0x0 ./RTD/src/Clock_Ip_DividerTrigger.o
 .bss           0x34012450        0x0 ./RTD/src/Clock_Ip_ExtOsc.o
 .bss           0x34012450        0x0 ./RTD/src/Clock_Ip_FracDiv.o
 .bss           0x34012450        0x0 ./RTD/src/Clock_Ip_Frequency.o
 .bss           0x34012450        0x0 ./RTD/src/Clock_Ip_Frequency1.o
 .bss           0x34012450        0x0 ./RTD/src/Clock_Ip_Frequency2.o
 .bss           0x34012450        0x0 ./RTD/src/Clock_Ip_Gate.o
 .bss           0x34012450        0x0 ./RTD/src/Clock_Ip_IntOsc.o
 .bss           0x34012450        0x0 ./RTD/src/Clock_Ip_Irq.o
 .bss           0x34012450        0x0 ./RTD/src/Clock_Ip_Monitor.o
 .bss           0x34012450        0x0 ./RTD/src/Clock_Ip_Pll.o
 .bss           0x34012450        0x0 ./RTD/src/Clock_Ip_ProgFreqSwitch.o
 .bss           0x34012450        0x0 ./RTD/src/Clock_Ip_Selector.o
 .bss           0x34012450        0x0 ./RTD/src/Clock_Ip_Specific.o
 .bss           0x34012450        0x0 ./RTD/src/Clock_Ip_Specific1.o
 .bss           0x34012450        0x0 ./RTD/src/Clock_Ip_Specific2.o
 .bss           0x34012450        0x0 ./RTD/src/Det.o
 .bss           0x34012450        0x0 ./RTD/src/Det_stub.o
 .bss           0x34012450        0x0 ./RTD/src/Dio.o
 .bss           0x34012450        0x0 ./RTD/src/Dio_Ipw.o
 .bss           0x34012450        0x0 ./RTD/src/Eth.o
 .bss           0x34012450       0x6e ./RTD/src/EthIf_Cbk.o
                0x34012450                EthIf_RxIndications
                0x34012478                EthIf_ChecksumValue
                0x3401248c                EthIf_TxConfirmations
                0x340124b4                EthIf_ModeIndications
 .bss           0x340124be        0x0 ./RTD/src/EthSwt.o
 .bss           0x340124be        0x0 ./RTD/src/EthTrcv.o
 .bss           0x340124be        0x0 ./RTD/src/Eth_Ipw.o
 .bss           0x340124be        0x0 ./RTD/src/Eth_Irq.o
 .bss           0x340124be        0x0 ./RTD/src/FlexCAN_Ip.o
 .bss           0x340124be        0x0 ./RTD/src/FlexCAN_Ip_HwAccess.o
 .bss           0x340124be        0x0 ./RTD/src/FlexCAN_Ip_Irq.o
 .bss           0x340124be        0x0 ./RTD/src/Ftm_Gpt_Ip.o
 .bss           0x340124be        0x0 ./RTD/src/Gmac_Ip.o
 .bss           0x340124be        0x0 ./RTD/src/Gmac_Ip_Hw_Access.o
 .bss           0x340124be        0x0 ./RTD/src/Gmac_Ip_Irq.o
 .bss           0x340124be        0x0 ./RTD/src/Gpt.o
 .bss           0x340124be        0x0 ./RTD/src/Gpt_Ipw.o
 .bss           0x340124be        0x0 ./RTD/src/IntCtrl_Ip.o
 .bss           0x340124be        0x0 ./RTD/src/Mcu.o
 .bss           0x340124be        0x0 ./RTD/src/Mcu_Dem_Wrapper.o
 .bss           0x340124be        0x0 ./RTD/src/Mcu_Ipw.o
 .bss           0x340124be        0x0 ./RTD/src/OsIf_Interrupts.o
 .bss           0x340124be        0x0 ./RTD/src/OsIf_Timer.o
 .bss           0x340124be        0x0 ./RTD/src/OsIf_Timer_System.o
 .bss           0x340124be        0x0 ./RTD/src/OsIf_Timer_System_Internal_GenericTimer.o
 .bss           0x340124be        0x0 ./RTD/src/OsIf_Timer_System_Internal_Systick.o
 .bss           0x340124be        0x0 ./RTD/src/Pit_Ip.o
 .bss           0x340124be        0x0 ./RTD/src/Platform.o
 .bss           0x340124be        0x0 ./RTD/src/Platform_Ipw.o
 .bss           0x340124be        0x0 ./RTD/src/Port.o
 .bss           0x340124be        0x0 ./RTD/src/Port_Ipw.o
 .bss           0x340124be        0x0 ./RTD/src/Power_Ip.o
 .bss           0x340124be        0x0 ./RTD/src/Power_Ip_CortexA.o
 .bss           0x340124be        0x0 ./RTD/src/Power_Ip_CortexM7.o
 .bss           0x340124be        0x0 ./RTD/src/Power_Ip_MC_ME.o